                                                                                                      Buffer hdr-static-info = {
                                                                                                        00000000:  00 00 00 00 00 00 00 00  00 00 00 00 00 00 00 00  ................
                                                                                                        00000010:  00 00 00 00 00 00 00 00  00                       .........
                                                                                                      }
                                                                                                      int32_t frame-rate = 0
                                                                                                      int32_t height = 1080
                                                                                                      int32_t color-format = 2130708361
                                                                                                    }
2026-07-23 22:15:30.817 23400-23430 AudioTrack              com.potato.player                    D  pause(473): 0xb4000074565b3900, prior state:STATE_FLUSHED, packageName: com.potato.player
2026-07-23 22:15:30.818 23400-23430 AudioTrack              com.potato.player                    D  flush(473): 0xb4000074565b3900, prior state:STATE_FLUSHED, packageName: com.potato.player
2026-07-23 22:15:30.818 23400-23430 AudioTrack              com.potato.player                    D  updateStateToService: AudioTrackStatus state:4
2026-07-23 22:15:30.818 23400-25325 MediaCodec              com.potato.player                    D  [0xb400007366689e70] setState: 7
2026-07-23 22:15:30.819  1657-4009  AS.AudioService         system_server                        D  AudioTrackStatus: pid = 23400; uid = 10328; sessionId = 385169; streamType = 3; state = 4; pkgName = com.potato.player
2026-07-23 22:15:30.824 23400-25326 CCodecBufferChannel     com.potato.player                    D  [c2.mtk.avc.decoder#518] no linear codec config data found
2026-07-23 22:15:30.824 23400-25326 CCodecBufferChannel     com.potato.player                    D  [c2.mtk.avc.decoder#518] no linear codec config data found
2026-07-23 22:15:30.824 23400-25326 PipelineWatcher         com.potato.player                    D  onWorkDone: frameIndex not found (18446744073709551615); ignored
2026-07-23 22:15:30.824 23400-25325 MediaCodec              com.potato.player                    D  [0xb400007366689e70] setState: 6
2026-07-23 22:15:30.824 23400-25325 CCodecConfig            com.potato.player                    I  query failed after returning 19 values (BAD_INDEX)
2026-07-23 22:15:30.824 23400-25326 CCodecBufferChannel     com.potato.player                    D  [c2.mtk.avc.decoder#518] flushed work; ignored.
2026-07-23 22:15:30.824 23400-25326 CCodecBufferChannel     com.potato.player                    D  [c2.mtk.avc.decoder#518] Discard frames from previous generation.
2026-07-23 22:15:30.824 23400-25326 PipelineWatcher         com.potato.player                    D  onWorkDone: frameIndex not found (18446744073709551615); ignored
2026-07-23 22:15:30.824 23400-25326 CCodecBufferChannel     com.potato.player                    D  [c2.mtk.avc.decoder#518] flushed work not feedInput.
2026-07-23 22:15:30.825 23400-25326 CCodecBufferChannel     com.potato.player                    D  [c2.mtk.avc.decoder#518] flushed work; ignored.
2026-07-23 22:15:30.825 23400-25326 CCodecBufferChannel     com.potato.player                    D  [c2.mtk.avc.decoder#518] Discard frames from previous generation.
2026-07-23 22:15:30.825 23400-25326 PipelineWatcher         com.potato.player                    D  onWorkDone: frameIndex not found (18446744073709551615); ignored
2026-07-23 22:15:30.825 23400-25326 CCodecBufferChannel     com.potato.player                    D  [c2.mtk.avc.decoder#518] flushed work not feedInput.
2026-07-23 22:15:30.825 23400-25326 CCodecBufferChannel     com.potato.player                    D  [c2.mtk.avc.decoder#518] flushed work; ignored.
2026-07-23 22:15:30.825 23400-25326 CCodecBufferChannel     com.potato.player                    D  [c2.mtk.avc.decoder#518] Discard frames from previous generation.
2026-07-23 22:15:30.825 23400-25326 PipelineWatcher         com.potato.player                    D  onWorkDone: frameIndex not found (18446744073709551615); ignored
2026-07-23 22:15:30.825 23400-25326 CCodecBufferChannel     com.potato.player                    D  [c2.mtk.avc.decoder#518] flushed work not feedInput.
2026-07-23 22:15:30.825 23400-25326 CCodecBufferChannel     com.potato.player                    D  [c2.mtk.avc.decoder#518] flushed work; ignored.
2026-07-23 22:15:30.825 23400-25326 CCodecBufferChannel     com.potato.player                    D  [c2.mtk.avc.decoder#518] Discard frames from previous generation.
2026-07-23 22:15:30.825 23400-25326 PipelineWatcher         com.potato.player                    D  onWorkDone: frameIndex not found (18446744073709551615); ignored
2026-07-23 22:15:30.825 23400-25326 CCodecBufferChannel     com.potato.player                    D  [c2.mtk.avc.decoder#518] flushed work not feedInput.
2026-07-23 22:15:30.826 23400-25326 CCodecBufferChannel     com.potato.player                    D  [c2.mtk.avc.decoder#518] flushed work; ignored.
2026-07-23 22:15:30.826 23400-25326 CCodecBufferChannel     com.potato.player                    D  [c2.mtk.avc.decoder#518] Discard frames from previous generation.
2026-07-23 22:15:30.826 23400-25326 PipelineWatcher         com.potato.player                    D  onWorkDone: frameIndex not found (18446744073709551615); ignored
2026-07-23 22:15:30.826 23400-25326 CCodecBufferChannel     com.potato.player                    D  [c2.mtk.avc.decoder#518] flushed work not feedInput.
2026-07-23 22:15:30.826 23400-25325 Codec2Client            com.potato.player                    W  query -- param skipped: index = 1342179345.
2026-07-23 22:15:30.826 23400-25325 Codec2Client            com.potato.player                    W  query -- param skipped: index = 2415921170.
2026-07-23 22:15:30.826 23400-25325 Codec2Client            com.potato.player                    W  query -- param skipped: index = 1610614798.
2026-07-23 22:15:30.827 23400-25325 MediaCodec              com.potato.player                    D  [0xb400007366689e70] setState: 7
2026-07-23 22:15:30.827 23400-25326 CCodecBufferChannel     com.potato.player                    D  [c2.mtk.avc.decoder#518] flushed work; ignored.
2026-07-23 22:15:30.827 23400-25326 CCodecBufferChannel     com.potato.player                    D  [c2.mtk.avc.decoder#518] Discard frames from previous generation.
2026-07-23 22:15:30.827 23400-25326 PipelineWatcher         com.potato.player                    D  onWorkDone: frameIndex not found (18446744073709551615); ignored
2026-07-23 22:15:30.827 23400-25326 CCodecBufferChannel     com.potato.player                    D  [c2.mtk.avc.decoder#518] flushed work not feedInput.
2026-07-23 22:15:30.830 23400-25326 PipelineWatcher         com.potato.player                    D  onWorkDone: frameIndex not found (18446744073709551615); ignored
2026-07-23 22:15:30.830 23400-25326 PipelineWatcher         com.potato.player                    D  onWorkDone: frameIndex not found (18446744073709551615); ignored
2026-07-23 22:15:30.830 23400-25326 PipelineWatcher         com.potato.player                    D  onWorkDone: frameIndex not found (18446744073709551615); ignored
2026-07-23 22:15:30.830 23400-25326 PipelineWatcher         com.potato.player                    D  onWorkDone: frameIndex not found (18446744073709551615); ignored
2026-07-23 22:15:30.830 23400-25325 MediaCodec              com.potato.player                    D  [0xb400007366689e70] setState: 6
2026-07-23 22:15:30.830 23400-25325 CCodecConfig            com.potato.player                    I  query failed after returning 19 values (BAD_INDEX)
2026-07-23 22:15:30.831 23400-25326 CCodecBufferChannel     com.potato.player                    D  [c2.mtk.avc.decoder#518] flushed work; ignored.
2026-07-23 22:15:30.831 23400-25326 CCodecBufferChannel     com.potato.player                    D  [c2.mtk.avc.decoder#518] Discard frames from previous generation.
2026-07-23 22:15:30.831 23400-25326 PipelineWatcher         com.potato.player                    D  onWorkDone: frameIndex not found (18446744073709551615); ignored
2026-07-23 22:15:30.831 23400-25326 CCodecBufferChannel     com.potato.player                    D  [c2.mtk.avc.decoder#518] flushed work not feedInput.
2026-07-23 22:15:30.831 23400-25326 CCodecBufferChannel     com.potato.player                    D  [c2.mtk.avc.decoder#518] flushed work; ignored.
2026-07-23 22:15:30.831 23400-25326 CCodecBufferChannel     com.potato.player                    D  [c2.mtk.avc.decoder#518] Discard frames from previous generation.
2026-07-23 22:15:30.831 23400-25326 PipelineWatcher         com.potato.player                    D  onWorkDone: frameIndex not found (18446744073709551615); ignored
2026-07-23 22:15:30.831 23400-25326 CCodecBufferChannel     com.potato.player                    D  [c2.mtk.avc.decoder#518] flushed work not feedInput.
2026-07-23 22:15:30.831 23400-25326 CCodecBufferChannel     com.potato.player                    D  [c2.mtk.avc.decoder#518] flushed work; ignored.
2026-07-23 22:15:30.831 23400-25326 CCodecBufferChannel     com.potato.player                    D  [c2.mtk.avc.decoder#518] Discard frames from previous generation.
2026-07-23 22:15:30.831 23400-25326 PipelineWatcher         com.potato.player                    D  onWorkDone: frameIndex not found (18446744073709551615); ignored
2026-07-23 22:15:30.831 23400-25326 CCodecBufferChannel     com.potato.player                    D  [c2.mtk.avc.decoder#518] flushed work not feedInput.
2026-07-23 22:15:30.831 23400-25326 CCodecBufferChannel     com.potato.player                    D  [c2.mtk.avc.decoder#518] flushed work; ignored.
2026-07-23 22:15:30.831 23400-25326 CCodecBufferChannel     com.potato.player                    D  [c2.mtk.avc.decoder#518] Discard frames from previous generation.
2026-07-23 22:15:30.831 23400-25326 PipelineWatcher         com.potato.player                    D  onWorkDone: frameIndex not found (18446744073709551615); ignored
2026-07-23 22:15:30.831 23400-25326 CCodecBufferChannel     com.potato.player                    D  [c2.mtk.avc.decoder#518] flushed work not feedInput.
2026-07-23 22:15:30.831 23400-25325 Codec2Client            com.potato.player                    W  query -- param skipped: index = 1342179345.
2026-07-23 22:15:30.831 23400-25326 CCodecBufferChannel     com.potato.player                    D  [c2.mtk.avc.decoder#518] flushed work; ignored.
2026-07-23 22:15:30.831 23400-25325 Codec2Client            com.potato.player                    W  query -- param skipped: index = 2415921170.
2026-07-23 22:15:30.831 23400-25325 Codec2Client            com.potato.player                    W  query -- param skipped: index = 1610614798.
2026-07-23 22:15:30.831 23400-25326 CCodecBufferChannel     com.potato.player                    D  [c2.mtk.avc.decoder#518] Discard frames from previous generation.
2026-07-23 22:15:30.831 23400-25326 PipelineWatcher         com.potato.player                    D  onWorkDone: frameIndex not found (18446744073709551615); ignored
2026-07-23 22:15:30.831 23400-25326 CCodecBufferChannel     com.potato.player                    D  [c2.mtk.avc.decoder#518] flushed work not feedInput.
2026-07-23 22:15:30.831 23400-25326 CCodecBufferChannel     com.potato.player                    D  [c2.mtk.avc.decoder#518] flushed work; ignored.
2026-07-23 22:15:30.831 23400-25326 CCodecBufferChannel     com.potato.player                    D  [c2.mtk.avc.decoder#518] Discard frames from previous generation.
2026-07-23 22:15:30.831 23400-25326 PipelineWatcher         com.potato.player                    D  onWorkDone: frameIndex not found (18446744073709551615); ignored
2026-07-23 22:15:30.831 23400-25326 CCodecBufferChannel     com.potato.player                    D  [c2.mtk.avc.decoder#518] flushed work not feedInput.
2026-07-23 22:15:30.831 23400-25326 CCodecBufferChannel     com.potato.player                    D  [c2.mtk.avc.decoder#518] flushed work; ignored.
2026-07-23 22:15:30.832 23400-25326 CCodecBufferChannel     com.potato.player                    D  [c2.mtk.avc.decoder#518] Discard frames from previous generation.
2026-07-23 22:15:30.832 23400-25326 PipelineWatcher         com.potato.player                    D  onWorkDone: frameIndex not found (18446744073709551615); ignored
2026-07-23 22:15:30.832 23400-25326 CCodecBufferChannel     com.potato.player                    D  [c2.mtk.avc.decoder#518] flushed work not feedInput.
2026-07-23 22:15:30.832 23400-23439 mpv                     com.potato.player                    V  event: seek
2026-07-23 22:15:30.832 23400-23439 MpvEventDispatcher      com.potato.player                    D  MPV event: 20
2026-07-23 22:15:30.833 23400-25326 CCodecBufferChannel     com.potato.player                    D  [c2.mtk.avc.decoder#518] flushed work; ignored.
2026-07-23 22:15:30.833 23400-25326 CCodecBufferChannel     com.potato.player                    D  [c2.mtk.avc.decoder#518] Discard frames from previous generation.
2026-07-23 22:15:30.833 23400-25326 PipelineWatcher         com.potato.player                    D  onWorkDone: frameIndex not found (18446744073709551615); ignored
2026-07-23 22:15:30.833 23400-25326 CCodecBufferChannel     com.potato.player                    D  [c2.mtk.avc.decoder#518] flushed work not feedInput.
2026-07-23 22:15:30.834 23400-25325 MediaCodec              com.potato.player                    D  [0xb400007366689e70] setState: 7
2026-07-23 22:15:30.838 23400-25326 PipelineWatcher         com.potato.player                    D  onWorkDone: frameIndex not found (18446744073709551615); ignored
2026-07-23 22:15:30.838 23400-25326 PipelineWatcher         com.potato.player                    D  onWorkDone: frameIndex not found (18446744073709551615); ignored
2026-07-23 22:15:30.838 23400-25326 PipelineWatcher         com.potato.player                    D  onWorkDone: frameIndex not found (18446744073709551615); ignored
2026-07-23 22:15:30.838 23400-25326 PipelineWatcher         com.potato.player                    D  onWorkDone: frameIndex not found (18446744073709551615); ignored
2026-07-23 22:15:30.838 23400-25326 PipelineWatcher         com.potato.player                    D  onWorkDone: frameIndex not found (18446744073709551615); ignored
2026-07-23 22:15:30.838 23400-25326 PipelineWatcher         com.potato.player                    D  onWorkDone: frameIndex not found (18446744073709551615); ignored
2026-07-23 22:15:30.838 23400-25326 PipelineWatcher         com.potato.player                    D  onWorkDone: frameIndex not found (18446744073709551615); ignored
2026-07-23 22:15:30.838 23400-25326 PipelineWatcher         com.potato.player                    D  onWorkDone: frameIndex not found (18446744073709551615); ignored
2026-07-23 22:15:30.838 23400-25326 PipelineWatcher         com.potato.player                    D  onWorkDone: frameIndex not found (18446744073709551615); ignored
2026-07-23 22:15:30.838 23400-25325 MediaCodec              com.potato.player                    D  [0xb400007366689e70] setState: 6
2026-07-23 22:15:30.839 23400-25325 CCodecConfig            com.potato.player                    I  query failed after returning 19 values (BAD_INDEX)
2026-07-23 22:15:30.839 23400-25326 CCodecBufferChannel     com.potato.player                    D  [c2.mtk.avc.decoder#518] flushed work; ignored.
2026-07-23 22:15:30.839 23400-25326 CCodecBufferChannel     com.potato.player                    D  [c2.mtk.avc.decoder#518] Discard frames from previous generation.
2026-07-23 22:15:30.839 23400-25326 PipelineWatcher         com.potato.player                    D  onWorkDone: frameIndex not found (18446744073709551615); ignored
2026-07-23 22:15:30.839 23400-25326 CCodecBufferChannel     com.potato.player                    D  [c2.mtk.avc.decoder#518] flushed work not feedInput.
2026-07-23 22:15:30.839 23400-25325 Codec2Client            com.potato.player                    W  query -- param skipped: index = 1342179345.
2026-07-23 22:15:30.839 23400-25325 Codec2Client            com.potato.player                    W  query -- param skipped: index = 2415921170.
2026-07-23 22:15:30.839 23400-25325 Codec2Client            com.potato.player                    W  query -- param skipped: index = 1610614798.
2026-07-23 22:15:30.840 23400-23426 MediaCodec              com.potato.player                    D  [0xb400007366689e70] [c2.mtk.avc.decoder] stop
2026-07-23 22:15:30.840 23400-25325 MediaCodec              com.potato.player                    D  [0xb400007366689e70] setState: 9
2026-07-23 22:15:30.840 23400-25325 CCodecBufferChannel     com.potato.player                    D  [c2.mtk.avc.decoder#518] MediaCodec discarded an unknown buffer
2026-07-23 22:15:30.840 23400-25325 CCodecBufferChannel     com.potato.player                    D  [c2.mtk.avc.decoder#518] MediaCodec discarded an unknown buffer
2026-07-23 22:15:30.840 23400-25325 CCodecBufferChannel     com.potato.player                    D  [c2.mtk.avc.decoder#518] MediaCodec discarded an unknown buffer
2026-07-23 22:15:30.840 23400-25325 CCodecBufferChannel     com.potato.player                    D  [c2.mtk.avc.decoder#518] MediaCodec discarded an unknown buffer
2026-07-23 22:15:30.840 23400-25325 CCodecBufferChannel     com.potato.player                    D  [c2.mtk.avc.decoder#518] MediaCodec discarded an unknown buffer
2026-07-23 22:15:30.840 23400-25325 CCodecBufferChannel     com.potato.player                    D  [c2.mtk.avc.decoder#518] MediaCodec discarded an unknown buffer
2026-07-23 22:15:30.840 23400-25325 CCodecBufferChannel     com.potato.player                    D  [c2.mtk.avc.decoder#518] MediaCodec discarded an unknown buffer
2026-07-23 22:15:30.840 23400-25325 CCodecBufferChannel     com.potato.player                    D  [c2.mtk.avc.decoder#518] MediaCodec discarded an unknown buffer
2026-07-23 22:15:30.843 23400-25325 MediaCodec              com.potato.player                    D  [0xb400007366689e70] [c2.mtk.avc.decoder] kWhatStopCompleted
2026-07-23 22:15:30.844 23400-25325 MediaCodec              com.potato.player                    D  [0xb400007366689e70] setState: 2
2026-07-23 22:15:30.844 23400-25325 MediaCodec              com.potato.player                    D  [0xb400007366689e70] [c2.mtk.avc.decoder] disconnectFromSurface: mSurface 0xb40000745667d8a0
2026-07-23 22:15:30.844 23400-25325 SurfaceUtils            com.potato.player                    D  disconnecting from surface 0xb40000745667d8b0, reason disconnectFromSurface
2026-07-23 22:15:30.844 23400-23426 MediaCodec              com.potato.player                    D  [0xb400007366689e70] [c2.mtk.avc.decoder] releaseAsync
2026-07-23 22:15:30.845 23400-25325 MediaCodec              com.potato.player                    D  [0xb400007366689e70] setState: 10
2026-07-23 22:15:30.846 23400-23439 mpv                     com.potato.player                    V  event: video-reconfig
2026-07-23 22:15:30.846 23400-25323 BufferQueueConsumer     com.potato.player                    D  [ImageReader-16x16f22u256m5-23400-21](id:5b680000001d,api:0,p:-1,c:23400) disconnect
2026-07-23 22:15:30.847 23400-23439 MpvEventDispatcher      com.potato.player                    D  MPV event: 17
2026-07-23 22:15:30.849 23400-25325 MediaCodec              com.potato.player                    D  [0xb400007366689e70] [c2.mtk.avc.decoder] kWhatReleaseCompleted
2026-07-23 22:15:30.849 23400-25325 MediaCodec              com.potato.player                    D  [0xb400007366689e70] setState: 0
2026-07-23 22:15:30.853 23400-25326 hw-BpHwBinder           com.potato.player                    I  onLastStrongRef automatically unlinking death recipients
2026-07-23 22:15:30.868 23400-23439 mpv                     com.potato.player                    V  event: video-reconfig
2026-07-23 22:15:30.868 23400-23439 MpvEventDispatcher      com.potato.player                    D  MPV event: 17
2026-07-23 22:15:30.869 23400-23439 mpv                     com.potato.player                    V  event: video-reconfig
2026-07-23 22:15:30.869 23400-23439 MpvEventDispatcher      com.potato.player                    D  MPV event: 17
2026-07-23 22:15:30.872 23400-23439 mpv                     com.potato.player                    V  [ffmpeg/video:error] h264_mediacodec: Both surface and native_window are NULL
2026-07-23 22:15:30.873 23400-23426 MediaCodec              com.potato.player                    D  CreateByComponentName: name c2.mtk.avc.decoder
2026-07-23 22:15:30.873 23400-23426 MediaCodec              com.potato.player                    D  processName: com.potato.player
2026-07-23 22:15:30.875 23400-23426 CCodecBufferChannel     com.potato.player                    D  mBufferCountTrace=0 mIsUserLoad=1
2026-07-23 22:15:30.875 23400-23426 MediaCodec              com.potato.player                    D  [0xb40000736668ba40] init: CCodec 0xb40000737660b9f0, CCodecBufferChannel 0xb400007456529280
2026-07-23 22:15:30.875 23400-25341 MediaCodec              com.potato.player                    D  [0xb40000736668ba40] setState: 1
2026-07-23 22:15:30.875 23400-25342 CCodec                  com.potato.player                    D  allocate(c2.mtk.avc.decoder)
2026-07-23 22:15:30.877 23400-25342 CCodec                  com.potato.player                    I  setting up 'default' as default (vendor) store
2026-07-23 22:15:30.888 23400-25342 CCodec                  com.potato.player                    I  Created component [c2.mtk.avc.decoder] for [c2.mtk.avc.decoder]
2026-07-23 22:15:30.888 23400-25342 CCodecBufferChannel     com.potato.player                    D  [0xb400007456529280] setComponent: mName c2.mtk.avc.decoder#382, mPipelineWatcher 0xb400007456529770
2026-07-23 22:15:30.888 23400-25342 CCodecBufferChannel     com.potato.player                    D  PipelineWatcher debug info [c2.mtk.avc.decoder#382] enable=0
2026-07-23 22:15:30.889 23400-25342 CCodecConfig            com.potato.player                    D  read media type: video/avc
2026-07-23 22:15:30.891 23400-25342 ReflectedParamUpdater   com.potato.player                    D  extent() != 1 for single value type: algo.buffers.max-count.values
2026-07-23 22:15:30.892 23400-25342 ReflectedParamUpdater   com.potato.player                    D  extent() != 1 for single value type: output.subscribed-indices.values
2026-07-23 22:15:30.892 23400-25342 ReflectedParamUpdater   com.potato.player                    D  extent() != 1 for single value type: input.buffers.allocator-ids.values
2026-07-23 22:15:30.892 23400-25342 ReflectedParamUpdater   com.potato.player                    D  extent() != 1 for single value type: output.buffers.allocator-ids.values
2026-07-23 22:15:30.892 23400-25342 ReflectedParamUpdater   com.potato.player                    D  extent() != 1 for single value type: algo.buffers.allocator-ids.values
2026-07-23 22:15:30.893 23400-25342 ReflectedParamUpdater   com.potato.player                    D  extent() != 1 for single value type: output.buffers.pool-ids.values
2026-07-23 22:15:30.893 23400-25342 ReflectedParamUpdater   com.potato.player                    D  extent() != 1 for single value type: algo.buffers.pool-ids.values
2026-07-23 22:15:30.894 23400-25342 ReflectedParamUpdater   com.potato.player                    D  ignored struct field coded.color-format.locations
2026-07-23 22:15:30.899 23400-25342 CCodecConfig            com.potato.player                    D  ignoring local param raw.size (0xd2001800) as it is already supported
2026-07-23 22:15:30.899 23400-25342 CCodecConfig            com.potato.player                    D  ignoring local param raw.crop (0xd2001801) as it is already supported
2026-07-23 22:15:30.899 23400-25342 CCodecConfig            com.potato.player                    D  ignoring local param default.color (0x5200180b) as it is already supported
2026-07-23 22:15:30.899 23400-25342 CCodecConfig            com.potato.player                    D  ignoring local param raw.hdr-static-info (0xd200180a) as it is already supported
2026-07-23 22:15:30.901 23400-25342 CCodecConfig            com.potato.player                    I  query failed after returning 18 values (BAD_INDEX)
2026-07-23 22:15:30.901 23400-25342 CCodecConfig            com.potato.player                    D  c2 config diff is Dict {
                                                                                                      c2::u32 algo.low-latency.value = 0
                                                                                                      c2::i32 algo.priority.value = 1
                                                                                                      c2::float algo.rate.value = 0
                                                                                                      c2::float coded.frame-rate.value = 0
                                                                                                      c2::u32 coded.pl.level = 20495
                                                                                                      c2::u32 coded.pl.profile = 20481
                                                                                                      c2::u32 coded.vui.color.matrix = 0
                                                                                                      c2::u32 coded.vui.color.primaries = 0
                                                                                                      c2::u32 coded.vui.color.range = 2
                                                                                                      c2::u32 coded.vui.color.transfer = 0
                                                                                                      c2::u32 default.color.matrix = 0
                                                                                                      c2::u32 default.color.primaries = 0
                                                                                                      c2::u32 default.color.range = 0
                                                                                                      c2::u32 default.color.transfer = 0
                                                                                                      c2::u32 input.buffers.max-size.value = 2097152
                                                                                                      c2::u32 input.delay.value = 0
                                                                                                      string input.media-type.value = "video/avc"
                                                                                                      c2::u32 output.delay.value = 12
                                                                                                      string output.media-type.value = "video/raw"
                                                                                                      c2::u32 raw.color.matrix = 0
                                                                                                      c2::u32 raw.color.primaries = 0
                                                                                                      c2::u32 raw.color.range = 2
                                                                                                      c2::u32 raw.color.transfer = 0
                                                                                                      c2::u32 raw.crop.height = 239
                                                                                                      c2::u32 raw.crop.left = 0
                                                                                                      c2::u32 raw.crop.top = 0
                                                                                                      c2::u32 raw.crop.width = 319
                                                                                                      c2::float raw.hdr-static-info.master
2026-07-23 22:15:30.901 23400-25342 ColorUtils              com.potato.player                    W  expected specified color aspects (2:0:0:0)
2026-07-23 22:15:30.901 23400-25341 MediaCodec              com.potato.player                    D  [0xb40000736668ba40] setState: 2
2026-07-23 22:15:30.902 23400-23426 MediaCodec              com.potato.player                    D  [0xb40000736668ba40] [c2.mtk.avc.decoder] configure
2026-07-23 22:15:30.903 23400-23426 MediaCodec              com.potato.player                    E  Media Quality Service not found.
2026-07-23 22:15:30.903 23400-25341 MediaCodec              com.potato.player                    D  [0xb40000736668ba40] setState: 3
2026-07-23 22:15:30.903 23400-25341 MediaCodec              com.potato.player                    D  [c2.mtk.avc.decoder] config set c2 sleep timeout 500 kC2SleepTimeoutMs=500
2026-07-23 22:15:30.903 23400-25342 CCodec                  com.potato.player                    D  [c2.mtk.avc.decoder] buffers are bound to CCodec for this session
2026-07-23 22:15:30.903 23400-25342 CCodec                  com.potato.player                    D  Client requested ByteBuffer mode decoder w/o color format set: using default planar color format
2026-07-23 22:15:30.903 23400-25342 CCodecConfig            com.potato.player                    D  no c2 equivalents for csd-1
2026-07-23 22:15:30.903 23400-25342 CCodecConfig            com.potato.player                    D  no c2 equivalents for flags
2026-07-23 22:15:30.905 23400-25342 CCodecConfig            com.potato.player                    D  c2 config diff is   c2::u32 raw.size.height = 1080
                                                                                                      c2::u32 raw.size.width = 1920
                                                                                                      c2::u32 vendor.mtk.vdec.buffer.fetch.timeout.ms.value = 500
2026-07-23 22:15:30.905 23400-25342 ColorUtils              com.potato.player                    W  expected specified color aspects (2:0:0:0)
2026-07-23 22:15:30.906 23400-25342 Codec2Client            com.potato.player                    W  query -- param skipped: index = 1107298332.
2026-07-23 22:15:30.906 23400-25342 CCodec                  com.potato.player                    D  encoding statistics level = 0
2026-07-23 22:15:30.906 23400-25342 CCodec                  com.potato.player                    D  setup formats input: AMessage(what = 0x00000000) = {
                                                                                                      string mime = "video/avc"
                                                                                                      int32_t width = 1920
                                                                                                      int32_t profile = 65536
                                                                                                      int32_t priority = -1
                                                                                                      int32_t frame-rate = 0
                                                                                                      int32_t height = 1080
                                                                                                      int32_t level = 32768
                                                                                                      int32_t max-input-size = 2097152
                                                                                                      Rect crop(0, 0, 318, 238)
                                                                                                    }
2026-07-23 22:15:30.906 23400-25342 CCodec                  com.potato.player                    D  setup formats output: AMessage(what = 0x00000000) = {
                                                                                                      int32_t android._color-format = 2135033992
                                                                                                      int32_t android._video-scaling = 1
                                                                                                      int32_t sar-width = 1
                                                                                                      int32_t color-standard = 0
                                                                                                      int32_t color-range = 2
                                                                                                      int32_t color-transfer = 0
                                                                                                      int32_t android._dataspace = 268435456
                                                                                                      int32_t width = 1920
                                                                                                      int32_t rotation-degrees = 0
                                                                                                      int32_t sar-height = 1
                                                                                                      int32_t max-width = 320
                                                                                                      int32_t max-height = 240
                                                                                                      int32_t priority = -1
                                                                                                      string mime = "video/raw"
                                                                                                      Rect crop(0, 0, 318, 238)
                                                                                                      Buffer hdr-static-info = {
                                                                                                        00000000:  00 00 00 00 00 00 00 00  00 00 00 00 00 00 00 00  ................
                                                                                                        00000010:  00 00 00 00 00 00 00 00  00                       .........
                                                                                                      }
                                                                                                      int32_t frame-rate = 0
                                                                                                      int32_t height = 1080
                                                                                                      int32_t color-format = 19
                                                                                                    }
2026-07-23 22:15:30.906 23400-25342 CCodecConfig            com.potato.player                    I  query failed after returning 19 values (BAD_INDEX)
2026-07-23 22:15:30.907 23400-25342 CCodecConfig            com.potato.player                    D  c2 config diff is   c2::u32 raw.max-size.height = 1080
                                                                                                      c2::u32 raw.max-size.width = 1920
2026-07-23 22:15:30.907 23400-25342 ColorUtils              com.potato.player                    W  expected specified color aspects (2:0:0:0)
2026-07-23 22:15:30.907 23400-25342 m.potato.player         com.potato.player                    E  Failed to query component interface for required system resources: 6
2026-07-23 22:15:30.908 23400-25341 MediaCodec              com.potato.player                    D  [0xb40000736668ba40] setState: 4
2026-07-23 22:15:30.908 23400-25341 MediaCodec              com.potato.player                    D  [0xb40000736668ba40] setState: 5
2026-07-23 22:15:30.909 23400-25342 Codec2Client            com.potato.player                    W  query -- param skipped: index = 1342179345.
2026-07-23 22:15:30.909 23400-25342 Codec2Client            com.potato.player                    W  query -- param skipped: index = 2415921170.
2026-07-23 22:15:30.909 23400-25342 Codec2Client            com.potato.player                    W  query -- param skipped: index = 1610614798.
2026-07-23 22:15:30.909 23400-25342 CCodecBufferChannel     com.potato.player                    D  [c2.mtk.avc.decoder#382] Created input block pool with allocatorID 16 => poolID 104 - OK (0)
2026-07-23 22:15:30.909 23400-25342 CCodecBufferChannel     com.potato.player                    D  [c2.mtk.avc.decoder#382] Configured output block pool ids 1 => OK
2026-07-23 22:15:30.909 23400-25342 CCodecBufferChannel     com.potato.player                    D  [0xb400007456529280] [c2.mtk.avc.decoder#382] start: output->outputDelay 12, output->numSlots 16
2026-07-23 22:15:30.910 23400-25342 CCodecBufferChannel     com.potato.player                    D  [c2.mtk.avc.decoder#382] Configured output usage [0x1]
2026-07-23 22:15:30.912 23400-25341 MediaCodec              com.potato.player                    D  [0xb40000736668ba40] setState: 6
2026-07-23 22:15:30.912 23400-25341 CCodecBufferChannel     com.potato.player                    D  The csd Sample queue
2026-07-23 22:15:30.912 23400-25341 CCodecBufferChannel     com.potato.player                    D  [c2.mtk.avc.decoder#382] send inputSlots num:4 to codec
2026-07-23 22:15:30.914 23400-25341 CCodecBufferChannel     com.potato.player                    D  The csd Sample queue
2026-07-23 22:15:30.917 23400-23439 mpv                     com.potato.player                    V  [ffmpeg/video:warn] h264_mediacodec: Input packet is missing PTS
2026-07-23 22:15:30.918 23400-25341 MediaCodec              com.potato.player                    D  [0xb40000736668ba40] setState: 7
2026-07-23 22:15:30.924 23400-25342 PipelineWatcher         com.potato.player                    D  onWorkDone: frameIndex not found (0); ignored
2026-07-23 22:15:30.924 23400-25342 PipelineWatcher         com.potato.player                    D  onWorkDone: frameIndex not found (0); ignored
2026-07-23 22:15:30.924 23400-25341 MediaCodec              com.potato.player                    D  [0xb40000736668ba40] setState: 6
2026-07-23 22:15:30.924 23400-25341 CCodecConfig            com.potato.player                    I  query failed after returning 19 values (BAD_INDEX)
2026-07-23 22:15:30.925 23400-25341 CCodecConfig            com.potato.player                    D  c2 config diff is   c2::u32 coded.vui.color.range = 0
                                                                                                      c2::u32 input.delay.value = 4
                                                                                                      c2::u32 output.delay.value = 10
                                                                                                      c2::u32 raw.color.range = 0
                                                                                                      c2::u32 raw.crop.height = 1080
                                                                                                      c2::u32 raw.crop.width = 1920
                                                                                                      c2::u32 raw.pixel-format.value = 2130706448
2026-07-23 22:15:30.925 23400-25341 ColorUtils              com.potato.player                    W  expected specified color aspects (0:0:0:0)
2026-07-23 22:15:30.928 23400-25341 Codec2Client            com.potato.player                    W  query -- param skipped: index = 1342179345.
2026-07-23 22:15:30.928 23400-25341 Codec2Client            com.potato.player                    W  query -- param skipped: index = 2415921170.
2026-07-23 22:15:30.928 23400-25341 Codec2Client            com.potato.player                    W  query -- param skipped: index = 1610614798.
2026-07-23 22:15:30.929 23400-25342 CCodecBufferChannel     com.potato.player                    D  [c2.mtk.avc.decoder#382] Discard frames from previous generation.
2026-07-23 22:15:30.929 23400-25342 Codec2-Out...ufferQueue com.potato.player                    D  set max dequeue count 19 from update
2026-07-23 22:15:30.932 23400-23661 CCodecBufferChannel     com.potato.player                    D  [c2.mtk.avc.decoder#382] Ignoring stale input buffer done callback: last flush index = 3, frameIndex = 3
2026-07-23 22:15:30.932 23400-25341 CCodecBufferChannel     com.potato.player                    D  [c2.mtk.avc.decoder#382] send inputSlots num:8 to codec
2026-07-23 22:15:30.957 23400-25342 CCodecConfig            com.potato.player                    D  c2 config diff is   c2::u32 raw.pixel-format.value = 842094169
2026-07-23 22:15:30.957 23400-25342 ColorUtils              com.potato.player                    W  expected specified color aspects (0:0:0:0)
2026-07-23 22:15:30.957 23400-25342 CCodecBuffers           com.potato.player                    D  [c2.mtk.avc.decoder#382:2D-BB-Output] popFromStashAndRegister: at 785667000us, output format changed to AMessage(what = 0x00000000) = {
                                                                                                      int32_t android._color-format = 2135033992
                                                                                                      int32_t android._video-scaling = 1
                                                                                                      int32_t sar-width = 1
                                                                                                      int32_t color-standard = 0
                                                                                                      int32_t color-range = 0
                                                                                                      int32_t color-transfer = 0
                                                                                                      int32_t android._dataspace = 0
                                                                                                      int32_t width = 1920
                                                                                                      int32_t rotation-degrees = 0
                                                                                                      int32_t sar-height = 1
                                                                                                      int32_t max-width = 1920
                                                                                                      int32_t max-height = 1080
                                                                                                      int32_t priority = -1
                                                                                                      string mime = "video/raw"
                                                                                                      Rect crop(0, 0, 1919, 1079)
                                                                                                      Buffer hdr-static-info = {
                                                                                                        00000000:  00 00 00 00 00 00 00 00  00 00 00 00 00 00 00 00  ................
                                                                                                        00000010:  00 00 00 00 00 00 00 00  00                       .........
                                                                                                      }
                                                                                                      int32_t frame-rate = 0
                                                                                                      int32_t height = 1080
                                                                                                      int32_t color-format = 19
                                                                                                    }
2026-07-23 22:15:30.960 23400-25342 CCodecBuffers           com.potato.player                    D  [c2.mtk.avc.decoder#382:2D-BB-Output] updating image-data
2026-07-23 22:15:30.960 23400-25342 CCodecBuffers           com.potato.player                    D  [c2.mtk.avc.decoder#382:2D-BB-Output] updating stride = 1920, width: 1920, height: 1080
2026-07-23 22:15:30.975 23400-23430 AudioTrack              com.potato.player                    D  pause(473): 0xb4000074565b3900, prior state:STATE_FLUSHED, packageName: com.potato.player
2026-07-23 22:15:30.975 23400-23430 AudioTrack              com.potato.player                    D  flush(473): 0xb4000074565b3900, prior state:STATE_FLUSHED, packageName: com.potato.player
2026-07-23 22:15:30.975 23400-23430 AudioTrack              com.potato.player                    D  updateStateToService: AudioTrackStatus state:4
2026-07-23 22:15:30.976 23400-25341 MediaCodec              com.potato.player                    D  [0xb40000736668ba40] setState: 7
2026-07-23 22:15:30.976  1657-3469  AS.AudioService         system_server                        D  AudioTrackStatus: pid = 23400; uid = 10328; sessionId = 385169; streamType = 3; state = 4; pkgName = com.potato.player
2026-07-23 22:15:30.980 23400-25342 CCodecBufferChannel     com.potato.player                    D  [c2.mtk.avc.decoder#382] no linear codec config data found
2026-07-23 22:15:30.980 23400-25342 CCodecBufferChannel     com.potato.player                    D  [c2.mtk.avc.decoder#382] no linear codec config data found
2026-07-23 22:15:30.980 23400-25341 MediaCodec              com.potato.player                    D  [0xb40000736668ba40] setState: 6
2026-07-23 22:15:30.982 23400-25341 CCodecConfig            com.potato.player                    I  query failed after returning 19 values (BAD_INDEX)
2026-07-23 22:15:30.982 23400-25342 CCodecBufferChannel     com.potato.player                    D  [c2.mtk.avc.decoder#382] flushed work; ignored.
2026-07-23 22:15:30.982 23400-25342 CCodecBufferChannel     com.potato.player                    D  [c2.mtk.avc.decoder#382] Discard frames from previous generation.
2026-07-23 22:15:30.983 23400-25342 CCodecBufferChannel     com.potato.player                    D  [c2.mtk.avc.decoder#382] flushed work not feedInput.
2026-07-23 22:15:30.984 23400-25341 Codec2Client            com.potato.player                    W  query -- param skipped: index = 1342179345.
2026-07-23 22:15:30.984 23400-25341 Codec2Client            com.potato.player                    W  query -- param skipped: index = 2415921170.
2026-07-23 22:15:30.984 23400-25341 Codec2Client            com.potato.player                    W  query -- param skipped: index = 1610614798.
2026-07-23 22:15:30.984 23400-25341 MediaCodec              com.potato.player                    D  [0xb40000736668ba40] setState: 7
2026-07-23 22:15:30.990 23400-25341 MediaCodec              com.potato.player                    D  [0xb40000736668ba40] setState: 6
2026-07-23 22:15:30.990 23400-25341 CCodecConfig            com.potato.player                    I  query failed after returning 19 values (BAD_INDEX)
2026-07-23 22:15:30.991 23400-25341 Codec2Client            com.potato.player                    W  query -- param skipped: index = 1342179345.
2026-07-23 22:15:30.991 23400-25341 Codec2Client            com.potato.player                    W  query -- param skipped: index = 2415921170.
2026-07-23 22:15:30.991 23400-25341 Codec2Client            com.potato.player                    W  query -- param skipped: index = 1610614798.
2026-07-23 22:15:30.992 23400-23439 mpv                     com.potato.player                    V  event: seek
2026-07-23 22:15:30.992 23400-23439 MpvEventDispatcher      com.potato.player                    D  MPV event: 20
2026-07-23 22:15:30.993 23400-25341 MediaCodec              com.potato.player                    D  [0xb40000736668ba40] setState: 7
2026-07-23 22:15:30.997 23400-25341 MediaCodec              com.potato.player                    D  [0xb40000736668ba40] setState: 6
2026-07-23 22:15:30.997 23400-25341 CCodecConfig            com.potato.player                    I  query failed after returning 19 values (BAD_INDEX)
2026-07-23 22:15:30.998 23400-25341 Codec2Client            com.potato.player                    W  query -- param skipped: index = 1342179345.
2026-07-23 22:15:30.998 23400-25341 Codec2Client            com.potato.player                    W  query -- param skipped: index = 2415921170.
2026-07-23 22:15:30.998 23400-25341 Codec2Client            com.potato.player                    W  query -- param skipped: index = 1610614798.
2026-07-23 22:15:31.000 23400-23426 MediaCodec              com.potato.player                    D  [0xb40000736668ba40] [c2.mtk.avc.decoder] stop
2026-07-23 22:15:31.000 23400-25341 MediaCodec              com.potato.player                    D  [0xb40000736668ba40] setState: 9
2026-07-23 22:15:31.001 23400-25341 CCodecBufferChannel     com.potato.player                    D  [c2.mtk.avc.decoder#382] MediaCodec discarded an unknown buffer
