2026-07-23 22:15:30.095 23400-25259 CCodecBufferChannel     com.potato.player                    I  [c2.mtk.avc.decoder#408] Created output block pool with allocatorID 18 => poolID 527 - OK
2026-07-23 22:15:30.095 23400-25259 CCodecBufferChannel     com.potato.player                    D  [c2.mtk.avc.decoder#408] Configured output block pool ids 527 => OK
2026-07-23 22:15:30.095 23400-25259 CCodecBufferChannel     com.potato.player                    D  [0xb400007456650130] [c2.mtk.avc.decoder#408] start: output->outputDelay 12, output->numSlots 16
2026-07-23 22:15:30.095 23400-25259 Codec2-Out...ufferQueue com.potato.player                    D  C2SurfaceSyncMemory created 20(20)
2026-07-23 22:15:30.095 23400-25259 Codec2-Out...ufferQueue com.potato.player                    D  remote graphic buffer migration 0/0
2026-07-23 22:15:30.095 23400-25259 Codec2Client            com.potato.player                    D  setOutputSurface -- generation=23961623 consumer usage=0x900 sync
2026-07-23 22:15:30.095 23400-25259 Codec2Client            com.potato.player                    D  Surface configure completed
2026-07-23 22:15:30.099 23400-25258 MediaCodec              com.potato.player                    D  [0xb40000736667a420] setState: 6
2026-07-23 22:15:30.099 23400-25258 CCodecBufferChannel     com.potato.player                    D  The csd Sample queue
2026-07-23 22:15:30.099 23400-25258 CCodecBufferChannel     com.potato.player                    D  [c2.mtk.avc.decoder#408] send inputSlots num:4 to codec
2026-07-23 22:15:30.101 23400-25258 CCodecBufferChannel     com.potato.player                    D  The csd Sample queue
2026-07-23 22:15:30.103 23400-23439 mpv                     com.potato.player                    V  [ffmpeg/video:warn] h264_mediacodec: Input packet is missing PTS
2026-07-23 22:15:30.104 23400-25258 MediaCodec              com.potato.player                    D  [0xb40000736667a420] setState: 7
2026-07-23 22:15:30.117 23400-25259 PipelineWatcher         com.potato.player                    D  onWorkDone: frameIndex not found (0); ignored
2026-07-23 22:15:30.117 23400-25259 PipelineWatcher         com.potato.player                    D  onWorkDone: frameIndex not found (0); ignored
2026-07-23 22:15:30.117 23400-25258 MediaCodec              com.potato.player                    D  [0xb40000736667a420] setState: 6
2026-07-23 22:15:30.117 23400-25258 CCodecConfig            com.potato.player                    I  query failed after returning 19 values (BAD_INDEX)
2026-07-23 22:15:30.117 23400-25258 CCodecConfig            com.potato.player                    D  c2 config diff is   c2::u32 coded.vui.color.range = 0
                                                                                                      c2::u32 input.delay.value = 4
                                                                                                      c2::u32 output.delay.value = 10
                                                                                                      c2::u32 raw.color.range = 0
                                                                                                      c2::u32 raw.crop.height = 1080
                                                                                                      c2::u32 raw.crop.width = 1920
                                                                                                      c2::u32 raw.pixel-format.value = 2130706448
2026-07-23 22:15:30.121 23400-25258 Codec2Client            com.potato.player                    W  query -- param skipped: index = 1342179345.
2026-07-23 22:15:30.121 23400-25258 Codec2Client            com.potato.player                    W  query -- param skipped: index = 2415921170.
2026-07-23 22:15:30.121 23400-25258 Codec2Client            com.potato.player                    W  query -- param skipped: index = 1610614798.
2026-07-23 22:15:30.123 23400-25259 CCodecBufferChannel     com.potato.player                    D  [c2.mtk.avc.decoder#408] Discard frames from previous generation.
2026-07-23 22:15:30.123 23400-25259 Codec2-Out...ufferQueue com.potato.player                    D  set max dequeue count 19 from update
2026-07-23 22:15:30.125 23400-23661 CCodecBufferChannel     com.potato.player                    D  [c2.mtk.avc.decoder#408] Ignoring stale input buffer done callback: last flush index = 3, frameIndex = 3
2026-07-23 22:15:30.128 23400-25258 CCodecBufferChannel     com.potato.player                    D  [c2.mtk.avc.decoder#408] send inputSlots num:8 to codec
2026-07-23 22:15:30.145 23400-25259 CCodecBuffers           com.potato.player                    D  [c2.mtk.avc.decoder#408:2D-Output] popFromStashAndRegister: at 785667000us, output format changed to AMessage(what = 0x00000000) = {
                                                                                                      int32_t android._color-format = 2130706448
                                                                                                      int32_t android._video-scaling = 1
                                                                                                      int32_t sar-width = 1
                                                                                                      int32_t color-standard = 1
                                                                                                      int32_t color-range = 2
                                                                                                      int32_t color-transfer = 3
                                                                                                      int32_t android._dataspace = 260
                                                                                                      int32_t width = 1920
                                                                                                      int32_t rotation-degrees = 0
                                                                                                      int32_t sar-height = 1
                                                                                                      int32_t max-width = 1920
                                                                                                      int32_t max-height = 1080
                                                                                                      int32_t priority = -1
                                                                                                      string mime = "video/raw"
                                                                                                      Rect crop(0, 0, 1919, 1079)
                                                                                                      Buffer hdr-static-info = {
                                                                                                        00000000:  00 00 00 00 00 00 00 00  00 00 00 00 00 00 00 00  ................
                                                                                                        00000010:  00 00 00 00 00 00 00 00  00                       .........
                                                                                                      }
                                                                                                      int32_t frame-rate = 0
                                                                                                      int32_t height = 1080
                                                                                                      int32_t color-format = 2130708361
                                                                                                    }
2026-07-23 22:15:30.151 23400-23430 AudioTrack              com.potato.player                    D  pause(473): 0xb4000074565b3900, prior state:STATE_FLUSHED, packageName: com.potato.player
2026-07-23 22:15:30.151 23400-23430 AudioTrack              com.potato.player                    D  flush(473): 0xb4000074565b3900, prior state:STATE_FLUSHED, packageName: com.potato.player
2026-07-23 22:15:30.151 23400-23430 AudioTrack              com.potato.player                    D  updateStateToService: AudioTrackStatus state:4
2026-07-23 22:15:30.151 23400-25258 MediaCodec              com.potato.player                    D  [0xb40000736667a420] setState: 7
2026-07-23 22:15:30.152  1657-3469  AS.AudioService         system_server                        D  AudioTrackStatus: pid = 23400; uid = 10328; sessionId = 385169; streamType = 3; state = 4; pkgName = com.potato.player
2026-07-23 22:15:30.156 23400-25259 CCodecBufferChannel     com.potato.player                    D  [c2.mtk.avc.decoder#408] no linear codec config data found
2026-07-23 22:15:30.156 23400-25259 CCodecBufferChannel     com.potato.player                    D  [c2.mtk.avc.decoder#408] no linear codec config data found
2026-07-23 22:15:30.156 23400-25259 PipelineWatcher         com.potato.player                    D  onWorkDone: frameIndex not found (18446744073709551615); ignored
2026-07-23 22:15:30.156 23400-25259 CCodecBufferChannel     com.potato.player                    D  [c2.mtk.avc.decoder#408] flushed work; ignored.
2026-07-23 22:15:30.156 23400-25259 CCodecBufferChannel     com.potato.player                    D  [c2.mtk.avc.decoder#408] Discard frames from previous generation.
2026-07-23 22:15:30.156 23400-25259 PipelineWatcher         com.potato.player                    D  onWorkDone: frameIndex not found (18446744073709551615); ignored
2026-07-23 22:15:30.156 23400-25259 CCodecBufferChannel     com.potato.player                    D  [c2.mtk.avc.decoder#408] flushed work not feedInput.
2026-07-23 22:15:30.156 23400-25259 CCodecBufferChannel     com.potato.player                    D  [c2.mtk.avc.decoder#408] flushed work; ignored.
2026-07-23 22:15:30.156 23400-25259 CCodecBufferChannel     com.potato.player                    D  [c2.mtk.avc.decoder#408] Discard frames from previous generation.
2026-07-23 22:15:30.156 23400-25259 PipelineWatcher         com.potato.player                    D  onWorkDone: frameIndex not found (18446744073709551615); ignored
2026-07-23 22:15:30.156 23400-25259 CCodecBufferChannel     com.potato.player                    D  [c2.mtk.avc.decoder#408] flushed work not feedInput.
2026-07-23 22:15:30.156 23400-25259 CCodecBufferChannel     com.potato.player                    D  [c2.mtk.avc.decoder#408] flushed work; ignored.
2026-07-23 22:15:30.156 23400-25259 CCodecBufferChannel     com.potato.player                    D  [c2.mtk.avc.decoder#408] Discard frames from previous generation.
2026-07-23 22:15:30.156 23400-25259 PipelineWatcher         com.potato.player                    D  onWorkDone: frameIndex not found (18446744073709551615); ignored
2026-07-23 22:15:30.156 23400-25259 CCodecBufferChannel     com.potato.player                    D  [c2.mtk.avc.decoder#408] flushed work not feedInput.
2026-07-23 22:15:30.156 23400-25258 MediaCodec              com.potato.player                    D  [0xb40000736667a420] setState: 6
2026-07-23 22:15:30.157 23400-25258 CCodecConfig            com.potato.player                    I  query failed after returning 19 values (BAD_INDEX)
2026-07-23 22:15:30.158 23400-25259 CCodecBufferChannel     com.potato.player                    D  [c2.mtk.avc.decoder#408] flushed work; ignored.
2026-07-23 22:15:30.158 23400-25259 CCodecBufferChannel     com.potato.player                    D  [c2.mtk.avc.decoder#408] Discard frames from previous generation.
2026-07-23 22:15:30.158 23400-25259 PipelineWatcher         com.potato.player                    D  onWorkDone: frameIndex not found (18446744073709551615); ignored
2026-07-23 22:15:30.158 23400-25259 CCodecBufferChannel     com.potato.player                    D  [c2.mtk.avc.decoder#408] flushed work not feedInput.
2026-07-23 22:15:30.158 23400-25259 CCodecBufferChannel     com.potato.player                    D  [c2.mtk.avc.decoder#408] flushed work; ignored.
2026-07-23 22:15:30.158 23400-25259 CCodecBufferChannel     com.potato.player                    D  [c2.mtk.avc.decoder#408] Discard frames from previous generation.
2026-07-23 22:15:30.158 23400-25259 PipelineWatcher         com.potato.player                    D  onWorkDone: frameIndex not found (18446744073709551615); ignored
2026-07-23 22:15:30.158 23400-25259 CCodecBufferChannel     com.potato.player                    D  [c2.mtk.avc.decoder#408] flushed work not feedInput.
2026-07-23 22:15:30.158 23400-25259 CCodecBufferChannel     com.potato.player                    D  [c2.mtk.avc.decoder#408] flushed work; ignored.
2026-07-23 22:15:30.158 23400-25259 CCodecBufferChannel     com.potato.player                    D  [c2.mtk.avc.decoder#408] Discard frames from previous generation.
2026-07-23 22:15:30.158 23400-25259 PipelineWatcher         com.potato.player                    D  onWorkDone: frameIndex not found (18446744073709551615); ignored
2026-07-23 22:15:30.158 23400-25259 CCodecBufferChannel     com.potato.player                    D  [c2.mtk.avc.decoder#408] flushed work not feedInput.
2026-07-23 22:15:30.159 23400-25259 CCodecBufferChannel     com.potato.player                    D  [c2.mtk.avc.decoder#408] flushed work; ignored.
2026-07-23 22:15:30.159 23400-25259 CCodecBufferChannel     com.potato.player                    D  [c2.mtk.avc.decoder#408] Discard frames from previous generation.
2026-07-23 22:15:30.159 23400-25259 PipelineWatcher         com.potato.player                    D  onWorkDone: frameIndex not found (18446744073709551615); ignored
2026-07-23 22:15:30.159 23400-25259 CCodecBufferChannel     com.potato.player                    D  [c2.mtk.avc.decoder#408] flushed work not feedInput.
2026-07-23 22:15:30.159 23400-25259 CCodecBufferChannel     com.potato.player                    D  [c2.mtk.avc.decoder#408] flushed work; ignored.
2026-07-23 22:15:30.159 23400-25259 CCodecBufferChannel     com.potato.player                    D  [c2.mtk.avc.decoder#408] Discard frames from previous generation.
2026-07-23 22:15:30.159 23400-25259 PipelineWatcher         com.potato.player                    D  onWorkDone: frameIndex not found (18446744073709551615); ignored
2026-07-23 22:15:30.159 23400-25259 CCodecBufferChannel     com.potato.player                    D  [c2.mtk.avc.decoder#408] flushed work not feedInput.
2026-07-23 22:15:30.159 23400-25258 Codec2Client            com.potato.player                    W  query -- param skipped: index = 1342179345.
2026-07-23 22:15:30.159 23400-25258 Codec2Client            com.potato.player                    W  query -- param skipped: index = 2415921170.
2026-07-23 22:15:30.159 23400-25258 Codec2Client            com.potato.player                    W  query -- param skipped: index = 1610614798.
2026-07-23 22:15:30.160 23400-25258 MediaCodec              com.potato.player                    D  [0xb40000736667a420] setState: 7
2026-07-23 22:15:30.161  1029-1056  MTK_APPList             ven...ower_applist-service.mediatek  I  [notifyAPPstate] com.potato.player/com.potato.player.MainActivity, pid=23400, uid=10328, state:FPS_UPDATED, fps:-1, win:1
2026-07-23 22:15:30.161  1029-1056  MTK_APPList             ven...ower_applist-service.mediatek  I  [notifyAPPstate] multi_resumed_app_info[7] com.potato.player/com.potato.player.MainActivity, pid:23400, fps:-1, isMultiWindow:1
2026-07-23 22:15:30.166 23400-25259 PipelineWatcher         com.potato.player                    D  onWorkDone: frameIndex not found (18446744073709551615); ignored
2026-07-23 22:15:30.166 23400-25259 PipelineWatcher         com.potato.player                    D  onWorkDone: frameIndex not found (18446744073709551615); ignored
2026-07-23 22:15:30.166 23400-25259 PipelineWatcher         com.potato.player                    D  onWorkDone: frameIndex not found (18446744073709551615); ignored
2026-07-23 22:15:30.166 23400-25259 PipelineWatcher         com.potato.player                    D  onWorkDone: frameIndex not found (18446744073709551615); ignored
2026-07-23 22:15:30.166 23400-25259 PipelineWatcher         com.potato.player                    D  onWorkDone: frameIndex not found (18446744073709551615); ignored
2026-07-23 22:15:30.166 23400-25259 PipelineWatcher         com.potato.player                    D  onWorkDone: frameIndex not found (18446744073709551615); ignored
2026-07-23 22:15:30.166 23400-25258 MediaCodec              com.potato.player                    D  [0xb40000736667a420] setState: 6
2026-07-23 22:15:30.166 23400-25258 CCodecConfig            com.potato.player                    I  query failed after returning 19 values (BAD_INDEX)
2026-07-23 22:15:30.166 23400-25259 CCodecBufferChannel     com.potato.player                    D  [c2.mtk.avc.decoder#408] flushed work; ignored.
2026-07-23 22:15:30.166 23400-25259 CCodecBufferChannel     com.potato.player                    D  [c2.mtk.avc.decoder#408] Discard frames from previous generation.
2026-07-23 22:15:30.166 23400-25259 PipelineWatcher         com.potato.player                    D  onWorkDone: frameIndex not found (18446744073709551615); ignored
2026-07-23 22:15:30.166 23400-25259 CCodecBufferChannel     com.potato.player                    D  [c2.mtk.avc.decoder#408] flushed work not feedInput.
2026-07-23 22:15:30.167 23400-25258 Codec2Client            com.potato.player                    W  query -- param skipped: index = 1342179345.
2026-07-23 22:15:30.167 23400-25258 Codec2Client            com.potato.player                    W  query -- param skipped: index = 2415921170.
2026-07-23 22:15:30.167 23400-25258 Codec2Client            com.potato.player                    W  query -- param skipped: index = 1610614798.
2026-07-23 22:15:30.167 23400-25259 CCodecBufferChannel     com.potato.player                    D  [c2.mtk.avc.decoder#408] flushed work; ignored.
2026-07-23 22:15:30.167 23400-25259 CCodecBufferChannel     com.potato.player                    D  [c2.mtk.avc.decoder#408] Discard frames from previous generation.
2026-07-23 22:15:30.167 23400-25259 PipelineWatcher         com.potato.player                    D  onWorkDone: frameIndex not found (18446744073709551615); ignored
2026-07-23 22:15:30.167 23400-25259 CCodecBufferChannel     com.potato.player                    D  [c2.mtk.avc.decoder#408] flushed work not feedInput.
2026-07-23 22:15:30.168 23400-25259 CCodecBufferChannel     com.potato.player                    D  [c2.mtk.avc.decoder#408] flushed work; ignored.
2026-07-23 22:15:30.168 23400-25259 CCodecBufferChannel     com.potato.player                    D  [c2.mtk.avc.decoder#408] Discard frames from previous generation.
2026-07-23 22:15:30.168 23400-25259 PipelineWatcher         com.potato.player                    D  onWorkDone: frameIndex not found (18446744073709551615); ignored
2026-07-23 22:15:30.168 23400-25259 CCodecBufferChannel     com.potato.player                    D  [c2.mtk.avc.decoder#408] flushed work not feedInput.
2026-07-23 22:15:30.168 23400-25259 CCodecBufferChannel     com.potato.player                    D  [c2.mtk.avc.decoder#408] flushed work; ignored.
2026-07-23 22:15:30.168 23400-25259 CCodecBufferChannel     com.potato.player                    D  [c2.mtk.avc.decoder#408] Discard frames from previous generation.
2026-07-23 22:15:30.168 23400-25259 PipelineWatcher         com.potato.player                    D  onWorkDone: frameIndex not found (18446744073709551615); ignored
2026-07-23 22:15:30.168 23400-25259 CCodecBufferChannel     com.potato.player                    D  [c2.mtk.avc.decoder#408] flushed work not feedInput.
2026-07-23 22:15:30.170 23400-23439 mpv                     com.potato.player                    V  event: seek
2026-07-23 22:15:30.170 23400-25258 MediaCodec              com.potato.player                    D  [0xb40000736667a420] setState: 7
2026-07-23 22:15:30.170 23400-23439 MpvEventDispatcher      com.potato.player                    D  MPV event: 20
2026-07-23 22:15:30.174 23400-25259 PipelineWatcher         com.potato.player                    D  onWorkDone: frameIndex not found (18446744073709551615); ignored
2026-07-23 22:15:30.174 23400-25259 PipelineWatcher         com.potato.player                    D  onWorkDone: frameIndex not found (18446744073709551615); ignored
2026-07-23 22:15:30.174 23400-25258 MediaCodec              com.potato.player                    D  [0xb40000736667a420] setState: 6
2026-07-23 22:15:30.174 23400-25258 CCodecConfig            com.potato.player                    I  query failed after returning 19 values (BAD_INDEX)
2026-07-23 22:15:30.175 23400-25259 CCodecBufferChannel     com.potato.player                    D  [c2.mtk.avc.decoder#408] Discard frames from previous generation.
2026-07-23 22:15:30.175 23400-25259 PipelineWatcher         com.potato.player                    D  onWorkDone: frameIndex not found (18446744073709551615); ignored
2026-07-23 22:15:30.175 23400-25259 CCodecBufferChannel     com.potato.player                    D  [c2.mtk.avc.decoder#408] flushed work not feedInput.
2026-07-23 22:15:30.175 23400-25259 CCodecBufferChannel     com.potato.player                    D  [c2.mtk.avc.decoder#408] flushed work; ignored.
2026-07-23 22:15:30.175 23400-25259 CCodecBufferChannel     com.potato.player                    D  [c2.mtk.avc.decoder#408] Discard frames from previous generation.
2026-07-23 22:15:30.175 23400-25259 PipelineWatcher         com.potato.player                    D  onWorkDone: frameIndex not found (18446744073709551615); ignored
2026-07-23 22:15:30.175 23400-25259 CCodecBufferChannel     com.potato.player                    D  [c2.mtk.avc.decoder#408] flushed work not feedInput.
2026-07-23 22:15:30.175 23400-25259 CCodecBufferChannel     com.potato.player                    D  [c2.mtk.avc.decoder#408] flushed work; ignored.
2026-07-23 22:15:30.175 23400-25259 CCodecBufferChannel     com.potato.player                    D  [c2.mtk.avc.decoder#408] Discard frames from previous generation.
2026-07-23 22:15:30.175 23400-25259 PipelineWatcher         com.potato.player                    D  onWorkDone: frameIndex not found (18446744073709551615); ignored
2026-07-23 22:15:30.175 23400-25259 CCodecBufferChannel     com.potato.player                    D  [c2.mtk.avc.decoder#408] flushed work not feedInput.
2026-07-23 22:15:30.175 23400-25259 CCodecBufferChannel     com.potato.player                    D  [c2.mtk.avc.decoder#408] flushed work; ignored.
2026-07-23 22:15:30.175 23400-25259 CCodecBufferChannel     com.potato.player                    D  [c2.mtk.avc.decoder#408] Discard frames from previous generation.
2026-07-23 22:15:30.175 23400-25259 PipelineWatcher         com.potato.player                    D  onWorkDone: frameIndex not found (18446744073709551615); ignored
2026-07-23 22:15:30.175 23400-25259 CCodecBufferChannel     com.potato.player                    D  [c2.mtk.avc.decoder#408] flushed work not feedInput.
2026-07-23 22:15:30.175 23400-25259 CCodecBufferChannel     com.potato.player                    D  [c2.mtk.avc.decoder#408] flushed work; ignored.
2026-07-23 22:15:30.175 23400-25259 CCodecBufferChannel     com.potato.player                    D  [c2.mtk.avc.decoder#408] Discard frames from previous generation.
2026-07-23 22:15:30.175 23400-25259 PipelineWatcher         com.potato.player                    D  onWorkDone: frameIndex not found (18446744073709551615); ignored
2026-07-23 22:15:30.175 23400-25259 CCodecBufferChannel     com.potato.player                    D  [c2.mtk.avc.decoder#408] flushed work not feedInput.
2026-07-23 22:15:30.175 23400-25259 CCodecBufferChannel     com.potato.player                    D  [c2.mtk.avc.decoder#408] flushed work; ignored.
2026-07-23 22:15:30.175 23400-25259 CCodecBufferChannel     com.potato.player                    D  [c2.mtk.avc.decoder#408] Discard frames from previous generation.
2026-07-23 22:15:30.175 23400-25259 PipelineWatcher         com.potato.player                    D  onWorkDone: frameIndex not found (18446744073709551615); ignored
2026-07-23 22:15:30.175 23400-25259 CCodecBufferChannel     com.potato.player                    D  [c2.mtk.avc.decoder#408] flushed work not feedInput.
2026-07-23 22:15:30.175 23400-25259 CCodecBufferChannel     com.potato.player                    D  [c2.mtk.avc.decoder#408] flushed work; ignored.
2026-07-23 22:15:30.175 23400-25259 CCodecBufferChannel     com.potato.player                    D  [c2.mtk.avc.decoder#408] Discard frames from previous generation.
2026-07-23 22:15:30.175 23400-25259 PipelineWatcher         com.potato.player                    D  onWorkDone: frameIndex not found (18446744073709551615); ignored
2026-07-23 22:15:30.175 23400-25259 CCodecBufferChannel     com.potato.player                    D  [c2.mtk.avc.decoder#408] flushed work not feedInput.
2026-07-23 22:15:30.175 23400-25259 CCodecBufferChannel     com.potato.player                    D  [c2.mtk.avc.decoder#408] Discard frames from previous generation.
2026-07-23 22:15:30.175 23400-25259 PipelineWatcher         com.potato.player                    D  onWorkDone: frameIndex not found (18446744073709551615); ignored
2026-07-23 22:15:30.175 23400-25258 Codec2Client            com.potato.player                    W  query -- param skipped: index = 1342179345.
2026-07-23 22:15:30.175 23400-25258 Codec2Client            com.potato.player                    W  query -- param skipped: index = 2415921170.
2026-07-23 22:15:30.175 23400-25258 Codec2Client            com.potato.player                    W  query -- param skipped: index = 1610614798.
2026-07-23 22:15:30.176 23400-25259 CCodecBufferChannel     com.potato.player                    D  [c2.mtk.avc.decoder#408] flushed work not feedInput.
2026-07-23 22:15:30.176 23400-23426 MediaCodec              com.potato.player                    D  [0xb40000736667a420] [c2.mtk.avc.decoder] stop
2026-07-23 22:15:30.176 23400-25258 MediaCodec              com.potato.player                    D  [0xb40000736667a420] setState: 9
2026-07-23 22:15:30.176 23400-25258 CCodecBufferChannel     com.potato.player                    D  [c2.mtk.avc.decoder#408] MediaCodec discarded an unknown buffer
2026-07-23 22:15:30.177 23400-25258 CCodecBufferChannel     com.potato.player                    D  [c2.mtk.avc.decoder#408] MediaCodec discarded an unknown buffer
2026-07-23 22:15:30.177 23400-25258 CCodecBufferChannel     com.potato.player                    D  [c2.mtk.avc.decoder#408] MediaCodec discarded an unknown buffer
2026-07-23 22:15:30.177 23400-25258 CCodecBufferChannel     com.potato.player                    D  [c2.mtk.avc.decoder#408] MediaCodec discarded an unknown buffer
2026-07-23 22:15:30.177 23400-25258 CCodecBufferChannel     com.potato.player                    D  [c2.mtk.avc.decoder#408] MediaCodec discarded an unknown buffer
2026-07-23 22:15:30.177 23400-25258 CCodecBufferChannel     com.potato.player                    D  [c2.mtk.avc.decoder#408] MediaCodec discarded an unknown buffer
2026-07-23 22:15:30.177 23400-25258 CCodecBufferChannel     com.potato.player                    D  [c2.mtk.avc.decoder#408] MediaCodec discarded an unknown buffer
2026-07-23 22:15:30.177 23400-25258 CCodecBufferChannel     com.potato.player                    D  [c2.mtk.avc.decoder#408] MediaCodec discarded an unknown buffer
2026-07-23 22:15:30.181 23400-25258 MediaCodec              com.potato.player                    D  [0xb40000736667a420] [c2.mtk.avc.decoder] kWhatStopCompleted
2026-07-23 22:15:30.182 23400-25258 MediaCodec              com.potato.player                    D  [0xb40000736667a420] setState: 2
2026-07-23 22:15:30.182 23400-25258 MediaCodec              com.potato.player                    D  [0xb40000736667a420] [c2.mtk.avc.decoder] disconnectFromSurface: mSurface 0xb40000745652d2e0
2026-07-23 22:15:30.182 23400-25258 SurfaceUtils            com.potato.player                    D  disconnecting from surface 0xb40000745652d2f0, reason disconnectFromSurface
2026-07-23 22:15:30.183 23400-23426 MediaCodec              com.potato.player                    D  [0xb40000736667a420] [c2.mtk.avc.decoder] releaseAsync
2026-07-23 22:15:30.183 23400-25258 MediaCodec              com.potato.player                    D  [0xb40000736667a420] setState: 10
2026-07-23 22:15:30.184 23400-23439 mpv                     com.potato.player                    V  event: video-reconfig
2026-07-23 22:15:30.184 23400-23439 MpvEventDispatcher      com.potato.player                    D  MPV event: 17
2026-07-23 22:15:30.186 23400-25256 BufferQueueConsumer     com.potato.player                    D  [ImageReader-16x16f22u256m5-23400-20](id:5b680000001c,api:0,p:-1,c:23400) disconnect
2026-07-23 22:15:30.187 23400-25258 MediaCodec              com.potato.player                    D  [0xb40000736667a420] [c2.mtk.avc.decoder] kWhatReleaseCompleted
2026-07-23 22:15:30.187 23400-25258 MediaCodec              com.potato.player                    D  [0xb40000736667a420] setState: 0
2026-07-23 22:15:30.190 23400-25259 hw-BpHwBinder           com.potato.player                    I  onLastStrongRef automatically unlinking death recipients
2026-07-23 22:15:30.214 23400-23439 mpv                     com.potato.player                    V  event: video-reconfig
2026-07-23 22:15:30.215 23400-23439 MpvEventDispatcher      com.potato.player                    D  MPV event: 17
2026-07-23 22:15:30.217 23400-23439 mpv                     com.potato.player                    V  event: video-reconfig
2026-07-23 22:15:30.217 23400-23439 MpvEventDispatcher      com.potato.player                    D  MPV event: 17
2026-07-23 22:15:30.220 23400-23439 mpv                     com.potato.player                    V  [ffmpeg/video:error] h264_mediacodec: Both surface and native_window are NULL
2026-07-23 22:15:30.221 23400-23426 MediaCodec              com.potato.player                    D  CreateByComponentName: name c2.mtk.avc.decoder
2026-07-23 22:15:30.221 23400-23426 MediaCodec              com.potato.player                    D  processName: com.potato.player
2026-07-23 22:15:30.223 23400-23426 CCodecBufferChannel     com.potato.player                    D  mBufferCountTrace=0 mIsUserLoad=1
2026-07-23 22:15:30.223 23400-23426 MediaCodec              com.potato.player                    D  [0xb40000736667f790] init: CCodec 0xb40000737660bc40, CCodecBufferChannel 0xb400007456529280
2026-07-23 22:15:30.223 23400-25273 MediaCodec              com.potato.player                    D  [0xb40000736667f790] setState: 1
2026-07-23 22:15:30.223 23400-25274 CCodec                  com.potato.player                    D  allocate(c2.mtk.avc.decoder)
2026-07-23 22:15:30.224 23400-25274 CCodec                  com.potato.player                    I  setting up 'default' as default (vendor) store
2026-07-23 22:15:30.235 23400-25274 CCodec                  com.potato.player                    I  Created component [c2.mtk.avc.decoder] for [c2.mtk.avc.decoder]
2026-07-23 22:15:30.235 23400-25274 CCodecBufferChannel     com.potato.player                    D  [0xb400007456529280] setComponent: mName c2.mtk.avc.decoder#953, mPipelineWatcher 0xb400007456529770
2026-07-23 22:15:30.235 23400-25274 CCodecBufferChannel     com.potato.player                    D  PipelineWatcher debug info [c2.mtk.avc.decoder#953] enable=0
2026-07-23 22:15:30.235 23400-25274 CCodecConfig            com.potato.player                    D  read media type: video/avc
2026-07-23 22:15:30.237 23400-25274 ReflectedParamUpdater   com.potato.player                    D  extent() != 1 for single value type: algo.buffers.max-count.values
2026-07-23 22:15:30.237 23400-25274 ReflectedParamUpdater   com.potato.player                    D  extent() != 1 for single value type: output.subscribed-indices.values
2026-07-23 22:15:30.237 23400-25274 ReflectedParamUpdater   com.potato.player                    D  extent() != 1 for single value type: input.buffers.allocator-ids.values
2026-07-23 22:15:30.237 23400-25274 ReflectedParamUpdater   com.potato.player                    D  extent() != 1 for single value type: output.buffers.allocator-ids.values
2026-07-23 22:15:30.237 23400-25274 ReflectedParamUpdater   com.potato.player                    D  extent() != 1 for single value type: algo.buffers.allocator-ids.values
2026-07-23 22:15:30.237 23400-25274 ReflectedParamUpdater   com.potato.player                    D  extent() != 1 for single value type: output.buffers.pool-ids.values
2026-07-23 22:15:30.237 23400-25274 ReflectedParamUpdater   com.potato.player                    D  extent() != 1 for single value type: algo.buffers.pool-ids.values
2026-07-23 22:15:30.238 23400-25274 ReflectedParamUpdater   com.potato.player                    D  ignored struct field coded.color-format.locations
2026-07-23 22:15:30.243 23400-25274 CCodecConfig            com.potato.player                    D  ignoring local param raw.size (0xd2001800) as it is already supported
2026-07-23 22:15:30.243 23400-25274 CCodecConfig            com.potato.player                    D  ignoring local param raw.crop (0xd2001801) as it is already supported
2026-07-23 22:15:30.243 23400-25274 CCodecConfig            com.potato.player                    D  ignoring local param default.color (0x5200180b) as it is already supported
2026-07-23 22:15:30.243 23400-25274 CCodecConfig            com.potato.player                    D  ignoring local param raw.hdr-static-info (0xd200180a) as it is already supported
2026-07-23 22:15:30.244 23400-25274 CCodecConfig            com.potato.player                    I  query failed after returning 18 values (BAD_INDEX)
2026-07-23 22:15:30.244 23400-25274 CCodecConfig            com.potato.player                    D  c2 config diff is Dict {
                                                                                                      c2::u32 algo.low-latency.value = 0
                                                                                                      c2::i32 algo.priority.value = 1
                                                                                                      c2::float algo.rate.value = 0
                                                                                                      c2::float coded.frame-rate.value = 0
                                                                                                      c2::u32 coded.pl.level = 20495
                                                                                                      c2::u32 coded.pl.profile = 20481
                                                                                                      c2::u32 coded.vui.color.matrix = 0
                                                                                                      c2::u32 coded.vui.color.primaries = 0
                                                                                                      c2::u32 coded.vui.color.range = 2
                                                                                                      c2::u32 coded.vui.color.transfer = 0
                                                                                                      c2::u32 default.color.matrix = 0
                                                                                                      c2::u32 default.color.primaries = 0
                                                                                                      c2::u32 default.color.range = 0
                                                                                                      c2::u32 default.color.transfer = 0
                                                                                                      c2::u32 input.buffers.max-size.value = 2097152
                                                                                                      c2::u32 input.delay.value = 0
                                                                                                      string input.media-type.value = "video/avc"
                                                                                                      c2::u32 output.delay.value = 12
                                                                                                      string output.media-type.value = "video/raw"
                                                                                                      c2::u32 raw.color.matrix = 0
                                                                                                      c2::u32 raw.color.primaries = 0
                                                                                                      c2::u32 raw.color.range = 2
                                                                                                      c2::u32 raw.color.transfer = 0
                                                                                                      c2::u32 raw.crop.height = 239
                                                                                                      c2::u32 raw.crop.left = 0
                                                                                                      c2::u32 raw.crop.top = 0
                                                                                                      c2::u32 raw.crop.width = 319
                                                                                                      c2::float raw.hdr-static-info.master
2026-07-23 22:15:30.244 23400-25274 ColorUtils              com.potato.player                    W  expected specified color aspects (2:0:0:0)
2026-07-23 22:15:30.244 23400-25273 MediaCodec              com.potato.player                    D  [0xb40000736667f790] setState: 2
2026-07-23 22:15:30.248 23400-23426 MediaCodec              com.potato.player                    D  [0xb40000736667f790] [c2.mtk.avc.decoder] configure
2026-07-23 22:15:30.248 23400-23426 MediaCodec              com.potato.player                    E  Media Quality Service not found.
2026-07-23 22:15:30.249 23400-25273 MediaCodec              com.potato.player                    D  [0xb40000736667f790] setState: 3
2026-07-23 22:15:30.249 23400-25273 MediaCodec              com.potato.player                    D  [c2.mtk.avc.decoder] config set c2 sleep timeout 500 kC2SleepTimeoutMs=500
2026-07-23 22:15:30.249 23400-25274 CCodec                  com.potato.player                    D  [c2.mtk.avc.decoder] buffers are bound to CCodec for this session
2026-07-23 22:15:30.249 23400-25274 CCodec                  com.potato.player                    D  Client requested ByteBuffer mode decoder w/o color format set: using default planar color format
2026-07-23 22:15:30.249 23400-25274 CCodecConfig            com.potato.player                    D  no c2 equivalents for csd-1
2026-07-23 22:15:30.249 23400-25274 CCodecConfig            com.potato.player                    D  no c2 equivalents for flags
2026-07-23 22:15:30.250 23400-25274 CCodecConfig            com.potato.player                    D  c2 config diff is   c2::u32 raw.size.height = 1080
                                                                                                      c2::u32 raw.size.width = 1920
                                                                                                      c2::u32 vendor.mtk.vdec.buffer.fetch.timeout.ms.value = 500
2026-07-23 22:15:30.250 23400-25274 ColorUtils              com.potato.player                    W  expected specified color aspects (2:0:0:0)
2026-07-23 22:15:30.251 23400-25274 Codec2Client            com.potato.player                    W  query -- param skipped: index = 1107298332.
2026-07-23 22:15:30.251 23400-25274 CCodec                  com.potato.player                    D  encoding statistics level = 0
2026-07-23 22:15:30.251 23400-25274 CCodec                  com.potato.player                    D  setup formats input: AMessage(what = 0x00000000) = {
                                                                                                      string mime = "video/avc"
                                                                                                      int32_t width = 1920
                                                                                                      int32_t profile = 65536
                                                                                                      int32_t priority = -1
                                                                                                      int32_t frame-rate = 0
                                                                                                      int32_t height = 1080
                                                                                                      int32_t level = 32768
                                                                                                      int32_t max-input-size = 2097152
                                                                                                      Rect crop(0, 0, 318, 238)
                                                                                                    }
2026-07-23 22:15:30.251 23400-25274 CCodec                  com.potato.player                    D  setup formats output: AMessage(what = 0x00000000) = {
                                                                                                      int32_t android._color-format = 2135033992
                                                                                                      int32_t android._video-scaling = 1
                                                                                                      int32_t sar-width = 1
                                                                                                      int32_t color-standard = 0
                                                                                                      int32_t color-range = 2
                                                                                                      int32_t color-transfer = 0
                                                                                                      int32_t android._dataspace = 268435456
                                                                                                      int32_t width = 1920
                                                                                                      int32_t rotation-degrees = 0
                                                                                                      int32_t sar-height = 1
                                                                                                      int32_t max-width = 320
                                                                                                      int32_t max-height = 240
                                                                                                      int32_t priority = -1
                                                                                                      string mime = "video/raw"
                                                                                                      Rect crop(0, 0, 318, 238)
                                                                                                      Buffer hdr-static-info = {
                                                                                                        00000000:  00 00 00 00 00 00 00 00  00 00 00 00 00 00 00 00  ................
                                                                                                        00000010:  00 00 00 00 00 00 00 00  00                       .........
                                                                                                      }
                                                                                                      int32_t frame-rate = 0
                                                                                                      int32_t height = 1080
                                                                                                      int32_t color-format = 19
                                                                                                    }
2026-07-23 22:15:30.251 23400-25274 CCodecConfig            com.potato.player                    I  query failed after returning 19 values (BAD_INDEX)
2026-07-23 22:15:30.251 23400-25274 CCodecConfig            com.potato.player                    D  c2 config diff is   c2::u32 raw.max-size.height = 1080
                                                                                                      c2::u32 raw.max-size.width = 1920
2026-07-23 22:15:30.251 23400-25274 ColorUtils              com.potato.player                    W  expected specified color aspects (2:0:0:0)
2026-07-23 22:15:30.251 23400-25274 m.potato.player         com.potato.player                    E  Failed to query component interface for required system resources: 6
2026-07-23 22:15:30.251 23400-25273 MediaCodec              com.potato.player                    D  [0xb40000736667f790] setState: 4
2026-07-23 22:15:30.252 23400-25273 MediaCodec              com.potato.player                    D  [0xb40000736667f790] setState: 5
2026-07-23 22:15:30.253 23400-25274 Codec2Client            com.potato.player                    W  query -- param skipped: index = 1342179345.
2026-07-23 22:15:30.253 23400-25274 Codec2Client            com.potato.player                    W  query -- param skipped: index = 2415921170.
2026-07-23 22:15:30.253 23400-25274 Codec2Client            com.potato.player                    W  query -- param skipped: index = 1610614798.
2026-07-23 22:15:30.253 23400-25274 CCodecBufferChannel     com.potato.player                    D  [c2.mtk.avc.decoder#953] Created input block pool with allocatorID 16 => poolID 100 - OK (0)
2026-07-23 22:15:30.253 23400-25274 CCodecBufferChannel     com.potato.player                    D  [c2.mtk.avc.decoder#953] Configured output block pool ids 1 => OK
2026-07-23 22:15:30.253 23400-25274 CCodecBufferChannel     com.potato.player                    D  [0xb400007456529280] [c2.mtk.avc.decoder#953] start: output->outputDelay 12, output->numSlots 16
2026-07-23 22:15:30.254 23400-25274 CCodecBufferChannel     com.potato.player                    D  [c2.mtk.avc.decoder#953] Configured output usage [0x1]
2026-07-23 22:15:30.255 23400-25273 MediaCodec              com.potato.player                    D  [0xb40000736667f790] setState: 6
2026-07-23 22:15:30.255 23400-25273 CCodecBufferChannel     com.potato.player                    D  The csd Sample queue
2026-07-23 22:15:30.255 23400-25273 CCodecBufferChannel     com.potato.player                    D  [c2.mtk.avc.decoder#953] send inputSlots num:4 to codec
2026-07-23 22:15:30.256 23400-23661 BufferPoolAccessor2.0   com.potato.player                    D  Destruction - bufferpool2 0xb40000737658f7a8 cached: 0/0M, 0/0% in use; allocs: 45, 78% recycled; transfers: 17, 41% unfetched
2026-07-23 22:15:30.257 23400-23661 BufferPoolAccessor2.0   com.potato.player                    D  Destruction - bufferpool2 0xb4000073765f6188 cached: 0/0M, 0/0% in use; allocs: 48, 79% recycled; transfers: 33, 73% unfetched
2026-07-23 22:15:30.257 23400-23661 BufferPoolAccessor2.0   com.potato.player                    D  bufferpool2 0xb4000073765c53e8 : 0(0 size) total buffers - 0(0 size) used buffers - 10/20 (recycle/alloc) - 3/8 (fetch/transfer)
2026-07-23 22:15:30.257 23400-23661 BufferPoolAccessor2.0   com.potato.player                    D  Destruction - bufferpool2 0xb4000073765c53e8 cached: 0/0M, 0/0% in use; allocs: 20, 50% recycled; transfers: 8, 63% unfetched
2026-07-23 22:15:30.257 23400-23661 BufferPoolAccessor2.0   com.potato.player                    D  bufferpool2 0xb4000073765ddf58 : 0(0 size) total buffers - 0(0 size) used buffers - 48/58 (recycle/alloc) - 10/40 (fetch/transfer)
2026-07-23 22:15:30.257 23400-23661 BufferPoolAccessor2.0   com.potato.player                    D  Destruction - bufferpool2 0xb4000073765ddf58 cached: 0/0M, 0/0% in use; allocs: 58, 83% recycled; transfers: 40, 75% unfetched
2026-07-23 22:15:30.258 23400-23661 BufferPoolAccessor2.0   com.potato.player                    D  bufferpool2 0xb4000073765f27b8 : 0(0 size) total buffers - 0(0 size) used buffers - 41/51 (recycle/alloc) - 10/48 (fetch/transfer)
2026-07-23 22:15:30.258 23400-23661 BufferPoolAccessor2.0   com.potato.player                    D  Destruction - bufferpool2 0xb4000073765f27b8 cached: 0/0M, 0/0% in use; allocs: 51, 80% recycled; transfers: 48, 79% unfetched
2026-07-23 22:15:30.258 23400-23661 BufferPoolAccessor2.0   com.potato.player                    D  bufferpool2 0xb4000073765f4818 : 0(0 size) total buffers - 0(0 size) used buffers - 34/44 (recycle/alloc) - 10/35 (fetch/transfer)
2026-07-23 22:15:30.258 23400-23661 BufferPoolAccessor2.0   com.potato.player                    D  Destruction - bufferpool2 0xb4000073765f4818 cached: 0/0M, 0/0% in use; allocs: 44, 77% recycled; transfers: 35, 71% unfetched
2026-07-23 22:15:30.258 23400-23661 BufferPoolAccessor2.0   com.potato.player                    D  bufferpool2 0xb4000073765dc398 : 0(0 size) total buffers - 0(0 size) used buffers - 10/20 (recycle/alloc) - 3/12 (fetch/transfer)
