2026-07-23 22:15:31.467 23400-25396 PipelineWatcher         com.potato.player                    D  onWorkDone: frameIndex not found (18446744073709551615); ignored
2026-07-23 22:15:31.468 23400-25395 MediaCodec              com.potato.player                    D  [0xb40000736667a420] setState: 6
2026-07-23 22:15:31.468 23400-25396 CCodecBufferChannel     com.potato.player                    D  [c2.mtk.avc.decoder#744] flushed work; ignored.
2026-07-23 22:15:31.468 23400-25396 CCodecBufferChannel     com.potato.player                    D  [c2.mtk.avc.decoder#744] Discard frames from previous generation.
2026-07-23 22:15:31.468 23400-25396 PipelineWatcher         com.potato.player                    D  onWorkDone: frameIndex not found (18446744073709551615); ignored
2026-07-23 22:15:31.468 23400-25396 CCodecBufferChannel     com.potato.player                    D  [c2.mtk.avc.decoder#744] flushed work not feedInput.
2026-07-23 22:15:31.468 23400-25395 CCodecConfig            com.potato.player                    I  query failed after returning 19 values (BAD_INDEX)
2026-07-23 22:15:31.468 23400-25396 CCodecBufferChannel     com.potato.player                    D  [c2.mtk.avc.decoder#744] flushed work; ignored.
2026-07-23 22:15:31.468 23400-25396 CCodecBufferChannel     com.potato.player                    D  [c2.mtk.avc.decoder#744] Discard frames from previous generation.
2026-07-23 22:15:31.468 23400-25396 PipelineWatcher         com.potato.player                    D  onWorkDone: frameIndex not found (18446744073709551615); ignored
2026-07-23 22:15:31.468 23400-25396 CCodecBufferChannel     com.potato.player                    D  [c2.mtk.avc.decoder#744] flushed work not feedInput.
2026-07-23 22:15:31.468 23400-25396 CCodecBufferChannel     com.potato.player                    D  [c2.mtk.avc.decoder#744] flushed work; ignored.
2026-07-23 22:15:31.468 23400-25396 CCodecBufferChannel     com.potato.player                    D  [c2.mtk.avc.decoder#744] Discard frames from previous generation.
2026-07-23 22:15:31.468 23400-25396 PipelineWatcher         com.potato.player                    D  onWorkDone: frameIndex not found (18446744073709551615); ignored
2026-07-23 22:15:31.468 23400-25396 CCodecBufferChannel     com.potato.player                    D  [c2.mtk.avc.decoder#744] flushed work not feedInput.
2026-07-23 22:15:31.468 23400-25396 CCodecBufferChannel     com.potato.player                    D  [c2.mtk.avc.decoder#744] flushed work; ignored.
2026-07-23 22:15:31.468 23400-25396 CCodecBufferChannel     com.potato.player                    D  [c2.mtk.avc.decoder#744] Discard frames from previous generation.
2026-07-23 22:15:31.468 23400-25396 PipelineWatcher         com.potato.player                    D  onWorkDone: frameIndex not found (18446744073709551615); ignored
2026-07-23 22:15:31.468 23400-25396 CCodecBufferChannel     com.potato.player                    D  [c2.mtk.avc.decoder#744] flushed work not feedInput.
2026-07-23 22:15:31.468 23400-25396 CCodecBufferChannel     com.potato.player                    D  [c2.mtk.avc.decoder#744] flushed work; ignored.
2026-07-23 22:15:31.468 23400-25396 CCodecBufferChannel     com.potato.player                    D  [c2.mtk.avc.decoder#744] Discard frames from previous generation.
2026-07-23 22:15:31.468 23400-25396 PipelineWatcher         com.potato.player                    D  onWorkDone: frameIndex not found (18446744073709551615); ignored
2026-07-23 22:15:31.468 23400-25396 CCodecBufferChannel     com.potato.player                    D  [c2.mtk.avc.decoder#744] flushed work not feedInput.
2026-07-23 22:15:31.468 23400-25396 CCodecBufferChannel     com.potato.player                    D  [c2.mtk.avc.decoder#744] flushed work; ignored.
2026-07-23 22:15:31.468 23400-25396 CCodecBufferChannel     com.potato.player                    D  [c2.mtk.avc.decoder#744] Discard frames from previous generation.
2026-07-23 22:15:31.468 23400-25396 PipelineWatcher         com.potato.player                    D  onWorkDone: frameIndex not found (18446744073709551615); ignored
2026-07-23 22:15:31.468 23400-25396 CCodecBufferChannel     com.potato.player                    D  [c2.mtk.avc.decoder#744] flushed work not feedInput.
2026-07-23 22:15:31.469 23400-25395 Codec2Client            com.potato.player                    W  query -- param skipped: index = 1342179345.
2026-07-23 22:15:31.469 23400-25395 Codec2Client            com.potato.player                    W  query -- param skipped: index = 2415921170.
2026-07-23 22:15:31.470 23400-25395 Codec2Client            com.potato.player                    W  query -- param skipped: index = 1610614798.
2026-07-23 22:15:31.470 23400-25395 MediaCodec              com.potato.player                    D  [0xb40000736667a420] setState: 7
2026-07-23 22:15:31.475 23400-25396 PipelineWatcher         com.potato.player                    D  onWorkDone: frameIndex not found (18446744073709551615); ignored
2026-07-23 22:15:31.475 23400-25396 PipelineWatcher         com.potato.player                    D  onWorkDone: frameIndex not found (18446744073709551615); ignored
2026-07-23 22:15:31.475 23400-25395 MediaCodec              com.potato.player                    D  [0xb40000736667a420] setState: 6
2026-07-23 22:15:31.475 23400-25395 CCodecConfig            com.potato.player                    I  query failed after returning 19 values (BAD_INDEX)
2026-07-23 22:15:31.476 23400-25396 CCodecBufferChannel     com.potato.player                    D  [c2.mtk.avc.decoder#744] flushed work; ignored.
2026-07-23 22:15:31.476 23400-25396 CCodecBufferChannel     com.potato.player                    D  [c2.mtk.avc.decoder#744] Discard frames from previous generation.
2026-07-23 22:15:31.476 23400-25396 PipelineWatcher         com.potato.player                    D  onWorkDone: frameIndex not found (18446744073709551615); ignored
2026-07-23 22:15:31.476 23400-25396 CCodecBufferChannel     com.potato.player                    D  [c2.mtk.avc.decoder#744] flushed work not feedInput.
2026-07-23 22:15:31.476 23400-25396 CCodecBufferChannel     com.potato.player                    D  [c2.mtk.avc.decoder#744] flushed work; ignored.
2026-07-23 22:15:31.476 23400-25396 CCodecBufferChannel     com.potato.player                    D  [c2.mtk.avc.decoder#744] Discard frames from previous generation.
2026-07-23 22:15:31.476 23400-25396 PipelineWatcher         com.potato.player                    D  onWorkDone: frameIndex not found (18446744073709551615); ignored
2026-07-23 22:15:31.476 23400-25396 CCodecBufferChannel     com.potato.player                    D  [c2.mtk.avc.decoder#744] flushed work not feedInput.
2026-07-23 22:15:31.476 23400-25396 CCodecBufferChannel     com.potato.player                    D  [c2.mtk.avc.decoder#744] flushed work; ignored.
2026-07-23 22:15:31.476 23400-25396 CCodecBufferChannel     com.potato.player                    D  [c2.mtk.avc.decoder#744] Discard frames from previous generation.
2026-07-23 22:15:31.476 23400-25396 PipelineWatcher         com.potato.player                    D  onWorkDone: frameIndex not found (18446744073709551615); ignored
2026-07-23 22:15:31.476 23400-25396 CCodecBufferChannel     com.potato.player                    D  [c2.mtk.avc.decoder#744] flushed work not feedInput.
2026-07-23 22:15:31.476 23400-25396 CCodecBufferChannel     com.potato.player                    D  [c2.mtk.avc.decoder#744] flushed work; ignored.
2026-07-23 22:15:31.476 23400-25396 CCodecBufferChannel     com.potato.player                    D  [c2.mtk.avc.decoder#744] Discard frames from previous generation.
2026-07-23 22:15:31.476 23400-25395 Codec2Client            com.potato.player                    W  query -- param skipped: index = 1342179345.
2026-07-23 22:15:31.476 23400-25395 Codec2Client            com.potato.player                    W  query -- param skipped: index = 2415921170.
2026-07-23 22:15:31.476 23400-25396 PipelineWatcher         com.potato.player                    D  onWorkDone: frameIndex not found (18446744073709551615); ignored
2026-07-23 22:15:31.476 23400-25395 Codec2Client            com.potato.player                    W  query -- param skipped: index = 1610614798.
2026-07-23 22:15:31.476 23400-25396 CCodecBufferChannel     com.potato.player                    D  [c2.mtk.avc.decoder#744] flushed work not feedInput.
2026-07-23 22:15:31.476 23400-25396 CCodecBufferChannel     com.potato.player                    D  [c2.mtk.avc.decoder#744] flushed work; ignored.
2026-07-23 22:15:31.476 23400-25396 CCodecBufferChannel     com.potato.player                    D  [c2.mtk.avc.decoder#744] Discard frames from previous generation.
2026-07-23 22:15:31.476 23400-25396 PipelineWatcher         com.potato.player                    D  onWorkDone: frameIndex not found (18446744073709551615); ignored
2026-07-23 22:15:31.476 23400-25396 CCodecBufferChannel     com.potato.player                    D  [c2.mtk.avc.decoder#744] flushed work not feedInput.
2026-07-23 22:15:31.476 23400-25396 CCodecBufferChannel     com.potato.player                    D  [c2.mtk.avc.decoder#744] flushed work; ignored.
2026-07-23 22:15:31.476 23400-25396 CCodecBufferChannel     com.potato.player                    D  [c2.mtk.avc.decoder#744] Discard frames from previous generation.
2026-07-23 22:15:31.476 23400-25396 PipelineWatcher         com.potato.player                    D  onWorkDone: frameIndex not found (18446744073709551615); ignored
2026-07-23 22:15:31.476 23400-25396 CCodecBufferChannel     com.potato.player                    D  [c2.mtk.avc.decoder#744] flushed work not feedInput.
2026-07-23 22:15:31.476 23400-25396 CCodecBufferChannel     com.potato.player                    D  [c2.mtk.avc.decoder#744] flushed work; ignored.
2026-07-23 22:15:31.476 23400-25396 CCodecBufferChannel     com.potato.player                    D  [c2.mtk.avc.decoder#744] Discard frames from previous generation.
2026-07-23 22:15:31.476 23400-25396 PipelineWatcher         com.potato.player                    D  onWorkDone: frameIndex not found (18446744073709551615); ignored
2026-07-23 22:15:31.476 23400-25396 CCodecBufferChannel     com.potato.player                    D  [c2.mtk.avc.decoder#744] flushed work not feedInput.
2026-07-23 22:15:31.476 23400-25396 CCodecBufferChannel     com.potato.player                    D  [c2.mtk.avc.decoder#744] flushed work; ignored.
2026-07-23 22:15:31.476 23400-25396 CCodecBufferChannel     com.potato.player                    D  [c2.mtk.avc.decoder#744] Discard frames from previous generation.
2026-07-23 22:15:31.476 23400-25396 PipelineWatcher         com.potato.player                    D  onWorkDone: frameIndex not found (18446744073709551615); ignored
2026-07-23 22:15:31.476 23400-25396 CCodecBufferChannel     com.potato.player                    D  [c2.mtk.avc.decoder#744] flushed work not feedInput.
2026-07-23 22:15:31.477 23400-23439 mpv                     com.potato.player                    V  event: seek
2026-07-23 22:15:31.477 23400-23439 MpvEventDispatcher      com.potato.player                    D  MPV event: 20
2026-07-23 22:15:31.480 23400-25395 MediaCodec              com.potato.player                    D  [0xb40000736667a420] setState: 7
2026-07-23 22:15:31.483 23400-25396 PipelineWatcher         com.potato.player                    D  onWorkDone: frameIndex not found (18446744073709551615); ignored
2026-07-23 22:15:31.483 23400-25396 PipelineWatcher         com.potato.player                    D  onWorkDone: frameIndex not found (18446744073709551615); ignored
2026-07-23 22:15:31.483 23400-25395 MediaCodec              com.potato.player                    D  [0xb40000736667a420] setState: 6
2026-07-23 22:15:31.483 23400-25395 CCodecConfig            com.potato.player                    I  query failed after returning 19 values (BAD_INDEX)
2026-07-23 22:15:31.484 23400-25395 Codec2Client            com.potato.player                    W  query -- param skipped: index = 1342179345.
2026-07-23 22:15:31.484 23400-25395 Codec2Client            com.potato.player                    W  query -- param skipped: index = 2415921170.
2026-07-23 22:15:31.484 23400-25395 Codec2Client            com.potato.player                    W  query -- param skipped: index = 1610614798.
2026-07-23 22:15:31.484 23400-25396 CCodecBufferChannel     com.potato.player                    D  [c2.mtk.avc.decoder#744] flushed work; ignored.
2026-07-23 22:15:31.484 23400-25396 CCodecBufferChannel     com.potato.player                    D  [c2.mtk.avc.decoder#744] Discard frames from previous generation.
2026-07-23 22:15:31.484 23400-25396 PipelineWatcher         com.potato.player                    D  onWorkDone: frameIndex not found (18446744073709551615); ignored
2026-07-23 22:15:31.484 23400-25396 CCodecBufferChannel     com.potato.player                    D  [c2.mtk.avc.decoder#744] flushed work not feedInput.
2026-07-23 22:15:31.484 23400-25396 CCodecBufferChannel     com.potato.player                    D  [c2.mtk.avc.decoder#744] flushed work; ignored.
2026-07-23 22:15:31.484 23400-25396 CCodecBufferChannel     com.potato.player                    D  [c2.mtk.avc.decoder#744] Discard frames from previous generation.
2026-07-23 22:15:31.484 23400-25396 PipelineWatcher         com.potato.player                    D  onWorkDone: frameIndex not found (18446744073709551615); ignored
2026-07-23 22:15:31.484 23400-25396 CCodecBufferChannel     com.potato.player                    D  [c2.mtk.avc.decoder#744] flushed work not feedInput.
2026-07-23 22:15:31.484 23400-23426 MediaCodec              com.potato.player                    D  [0xb40000736667a420] [c2.mtk.avc.decoder] stop
2026-07-23 22:15:31.484 23400-25395 MediaCodec              com.potato.player                    D  [0xb40000736667a420] setState: 9
2026-07-23 22:15:31.484 23400-25395 CCodecBufferChannel     com.potato.player                    D  [c2.mtk.avc.decoder#744] MediaCodec discarded an unknown buffer
2026-07-23 22:15:31.484 23400-25395 CCodecBufferChannel     com.potato.player                    D  [c2.mtk.avc.decoder#744] MediaCodec discarded an unknown buffer
2026-07-23 22:15:31.484 23400-25395 CCodecBufferChannel     com.potato.player                    D  [c2.mtk.avc.decoder#744] MediaCodec discarded an unknown buffer
2026-07-23 22:15:31.484 23400-25395 CCodecBufferChannel     com.potato.player                    D  [c2.mtk.avc.decoder#744] MediaCodec discarded an unknown buffer
2026-07-23 22:15:31.485 23400-25395 CCodecBufferChannel     com.potato.player                    D  [c2.mtk.avc.decoder#744] MediaCodec discarded an unknown buffer
2026-07-23 22:15:31.485 23400-25395 CCodecBufferChannel     com.potato.player                    D  [c2.mtk.avc.decoder#744] MediaCodec discarded an unknown buffer
2026-07-23 22:15:31.485 23400-25395 CCodecBufferChannel     com.potato.player                    D  [c2.mtk.avc.decoder#744] MediaCodec discarded an unknown buffer
2026-07-23 22:15:31.485 23400-25395 CCodecBufferChannel     com.potato.player                    D  [c2.mtk.avc.decoder#744] MediaCodec discarded an unknown buffer
2026-07-23 22:15:31.487 23400-25395 MediaCodec              com.potato.player                    D  [0xb40000736667a420] [c2.mtk.avc.decoder] kWhatStopCompleted
2026-07-23 22:15:31.488 23400-25395 MediaCodec              com.potato.player                    D  [0xb40000736667a420] setState: 2
2026-07-23 22:15:31.488 23400-25395 MediaCodec              com.potato.player                    D  [0xb40000736667a420] [c2.mtk.avc.decoder] disconnectFromSurface: mSurface 0xb400007456670aa0
2026-07-23 22:15:31.488 23400-25395 SurfaceUtils            com.potato.player                    D  disconnecting from surface 0xb400007456670ab0, reason disconnectFromSurface
2026-07-23 22:15:31.488 23400-23426 MediaCodec              com.potato.player                    D  [0xb40000736667a420] [c2.mtk.avc.decoder] releaseAsync
2026-07-23 22:15:31.488 23400-25395 MediaCodec              com.potato.player                    D  [0xb40000736667a420] setState: 10
2026-07-23 22:15:31.491 23400-23439 mpv                     com.potato.player                    V  event: video-reconfig
2026-07-23 22:15:31.491 23400-23439 MpvEventDispatcher      com.potato.player                    D  MPV event: 17
2026-07-23 22:15:31.491 23400-25393 BufferQueueConsumer     com.potato.player                    D  [ImageReader-16x16f22u256m5-23400-22](id:5b680000001e,api:0,p:-1,c:23400) disconnect
2026-07-23 22:15:31.493 23400-25395 MediaCodec              com.potato.player                    D  [0xb40000736667a420] [c2.mtk.avc.decoder] kWhatReleaseCompleted
2026-07-23 22:15:31.493 23400-25395 MediaCodec              com.potato.player                    D  [0xb40000736667a420] setState: 0
2026-07-23 22:15:31.496 23400-25396 hw-BpHwBinder           com.potato.player                    I  onLastStrongRef automatically unlinking death recipients
2026-07-23 22:15:31.515 23400-23439 mpv                     com.potato.player                    V  event: video-reconfig
2026-07-23 22:15:31.516 23400-23439 MpvEventDispatcher      com.potato.player                    D  MPV event: 17
2026-07-23 22:15:31.517 23400-23439 mpv                     com.potato.player                    V  event: video-reconfig
2026-07-23 22:15:31.518 23400-23439 MpvEventDispatcher      com.potato.player                    D  MPV event: 17
2026-07-23 22:15:31.519 23400-23439 mpv                     com.potato.player                    V  [ffmpeg/video:error] h264_mediacodec: Both surface and native_window are NULL
2026-07-23 22:15:31.520 23400-23426 MediaCodec              com.potato.player                    D  CreateByComponentName: name c2.mtk.avc.decoder
2026-07-23 22:15:31.520 23400-23426 MediaCodec              com.potato.player                    D  processName: com.potato.player
2026-07-23 22:15:31.522 23400-23426 CCodecBufferChannel     com.potato.player                    D  mBufferCountTrace=0 mIsUserLoad=1
2026-07-23 22:15:31.523 23400-23426 MediaCodec              com.potato.player                    D  [0xb4000073666866d0] init: CCodec 0xb4000073766084c0, CCodecBufferChannel 0xb40000745652d2e0
2026-07-23 22:15:31.523 23400-25410 MediaCodec              com.potato.player                    D  [0xb4000073666866d0] setState: 1
2026-07-23 22:15:31.523 23400-25411 CCodec                  com.potato.player                    D  allocate(c2.mtk.avc.decoder)
2026-07-23 22:15:31.525 23400-25411 CCodec                  com.potato.player                    I  setting up 'default' as default (vendor) store
2026-07-23 22:15:31.537 23400-25411 CCodec                  com.potato.player                    I  Created component [c2.mtk.avc.decoder] for [c2.mtk.avc.decoder]
2026-07-23 22:15:31.537 23400-25411 CCodecBufferChannel     com.potato.player                    D  [0xb40000745652d2e0] setComponent: mName c2.mtk.avc.decoder#215, mPipelineWatcher 0xb40000745652d7d0
2026-07-23 22:15:31.537 23400-25411 CCodecBufferChannel     com.potato.player                    D  PipelineWatcher debug info [c2.mtk.avc.decoder#215] enable=0
2026-07-23 22:15:31.537 23400-25411 CCodecConfig            com.potato.player                    D  read media type: video/avc
2026-07-23 22:15:31.538 23400-25411 ReflectedParamUpdater   com.potato.player                    D  extent() != 1 for single value type: algo.buffers.max-count.values
2026-07-23 22:15:31.538 23400-25411 ReflectedParamUpdater   com.potato.player                    D  extent() != 1 for single value type: output.subscribed-indices.values
2026-07-23 22:15:31.539 23400-25411 ReflectedParamUpdater   com.potato.player                    D  extent() != 1 for single value type: input.buffers.allocator-ids.values
2026-07-23 22:15:31.539 23400-25411 ReflectedParamUpdater   com.potato.player                    D  extent() != 1 for single value type: output.buffers.allocator-ids.values
2026-07-23 22:15:31.539 23400-25411 ReflectedParamUpdater   com.potato.player                    D  extent() != 1 for single value type: algo.buffers.allocator-ids.values
2026-07-23 22:15:31.539 23400-25411 ReflectedParamUpdater   com.potato.player                    D  extent() != 1 for single value type: output.buffers.pool-ids.values
2026-07-23 22:15:31.539 23400-25411 ReflectedParamUpdater   com.potato.player                    D  extent() != 1 for single value type: algo.buffers.pool-ids.values
2026-07-23 22:15:31.541 23400-25411 ReflectedParamUpdater   com.potato.player                    D  ignored struct field coded.color-format.locations
2026-07-23 22:15:31.547 23400-25411 CCodecConfig            com.potato.player                    D  ignoring local param raw.size (0xd2001800) as it is already supported
2026-07-23 22:15:31.547 23400-25411 CCodecConfig            com.potato.player                    D  ignoring local param raw.crop (0xd2001801) as it is already supported
2026-07-23 22:15:31.547 23400-25411 CCodecConfig            com.potato.player                    D  ignoring local param default.color (0x5200180b) as it is already supported
2026-07-23 22:15:31.547 23400-25411 CCodecConfig            com.potato.player                    D  ignoring local param raw.hdr-static-info (0xd200180a) as it is already supported
2026-07-23 22:15:31.549 23400-25411 CCodecConfig            com.potato.player                    I  query failed after returning 18 values (BAD_INDEX)
2026-07-23 22:15:31.549 23400-25411 CCodecConfig            com.potato.player                    D  c2 config diff is Dict {
                                                                                                      c2::u32 algo.low-latency.value = 0
                                                                                                      c2::i32 algo.priority.value = 1
                                                                                                      c2::float algo.rate.value = 0
                                                                                                      c2::float coded.frame-rate.value = 0
                                                                                                      c2::u32 coded.pl.level = 20495
                                                                                                      c2::u32 coded.pl.profile = 20481
                                                                                                      c2::u32 coded.vui.color.matrix = 0
                                                                                                      c2::u32 coded.vui.color.primaries = 0
                                                                                                      c2::u32 coded.vui.color.range = 2
                                                                                                      c2::u32 coded.vui.color.transfer = 0
                                                                                                      c2::u32 default.color.matrix = 0
                                                                                                      c2::u32 default.color.primaries = 0
                                                                                                      c2::u32 default.color.range = 0
                                                                                                      c2::u32 default.color.transfer = 0
                                                                                                      c2::u32 input.buffers.max-size.value = 2097152
                                                                                                      c2::u32 input.delay.value = 0
                                                                                                      string input.media-type.value = "video/avc"
                                                                                                      c2::u32 output.delay.value = 12
                                                                                                      string output.media-type.value = "video/raw"
                                                                                                      c2::u32 raw.color.matrix = 0
                                                                                                      c2::u32 raw.color.primaries = 0
                                                                                                      c2::u32 raw.color.range = 2
                                                                                                      c2::u32 raw.color.transfer = 0
                                                                                                      c2::u32 raw.crop.height = 239
                                                                                                      c2::u32 raw.crop.left = 0
                                                                                                      c2::u32 raw.crop.top = 0
                                                                                                      c2::u32 raw.crop.width = 319
                                                                                                      c2::float raw.hdr-static-info.master
2026-07-23 22:15:31.550 23400-25411 ColorUtils              com.potato.player                    W  expected specified color aspects (2:0:0:0)
2026-07-23 22:15:31.550 23400-25410 MediaCodec              com.potato.player                    D  [0xb4000073666866d0] setState: 2
2026-07-23 22:15:31.552 23400-23426 MediaCodec              com.potato.player                    D  [0xb4000073666866d0] [c2.mtk.avc.decoder] configure
2026-07-23 22:15:31.552 23400-23426 MediaCodec              com.potato.player                    E  Media Quality Service not found.
2026-07-23 22:15:31.552 23400-25410 MediaCodec              com.potato.player                    D  [0xb4000073666866d0] setState: 3
2026-07-23 22:15:31.552 23400-25410 MediaCodec              com.potato.player                    D  [c2.mtk.avc.decoder] config set c2 sleep timeout 500 kC2SleepTimeoutMs=500
2026-07-23 22:15:31.552 23400-25411 CCodec                  com.potato.player                    D  [c2.mtk.avc.decoder] buffers are bound to CCodec for this session
2026-07-23 22:15:31.552 23400-25411 CCodec                  com.potato.player                    D  Client requested ByteBuffer mode decoder w/o color format set: using default planar color format
2026-07-23 22:15:31.552 23400-25411 CCodecConfig            com.potato.player                    D  no c2 equivalents for csd-1
2026-07-23 22:15:31.552 23400-25411 CCodecConfig            com.potato.player                    D  no c2 equivalents for flags
2026-07-23 22:15:31.553 23400-25411 CCodecConfig            com.potato.player                    D  c2 config diff is   c2::u32 raw.size.height = 1080
                                                                                                      c2::u32 raw.size.width = 1920
                                                                                                      c2::u32 vendor.mtk.vdec.buffer.fetch.timeout.ms.value = 500
2026-07-23 22:15:31.554 23400-25411 ColorUtils              com.potato.player                    W  expected specified color aspects (2:0:0:0)
2026-07-23 22:15:31.554 23400-25411 Codec2Client            com.potato.player                    W  query -- param skipped: index = 1107298332.
2026-07-23 22:15:31.554 23400-25411 CCodec                  com.potato.player                    D  encoding statistics level = 0
2026-07-23 22:15:31.554 23400-25411 CCodec                  com.potato.player                    D  setup formats input: AMessage(what = 0x00000000) = {
                                                                                                      string mime = "video/avc"
                                                                                                      int32_t width = 1920
                                                                                                      int32_t profile = 65536
                                                                                                      int32_t priority = -1
                                                                                                      int32_t frame-rate = 0
                                                                                                      int32_t height = 1080
                                                                                                      int32_t level = 32768
                                                                                                      int32_t max-input-size = 2097152
                                                                                                      Rect crop(0, 0, 318, 238)
                                                                                                    }
2026-07-23 22:15:31.554 23400-25411 CCodec                  com.potato.player                    D  setup formats output: AMessage(what = 0x00000000) = {
                                                                                                      int32_t android._color-format = 2135033992
                                                                                                      int32_t android._video-scaling = 1
                                                                                                      int32_t sar-width = 1
                                                                                                      int32_t color-standard = 0
                                                                                                      int32_t color-range = 2
                                                                                                      int32_t color-transfer = 0
                                                                                                      int32_t android._dataspace = 268435456
                                                                                                      int32_t width = 1920
                                                                                                      int32_t rotation-degrees = 0
                                                                                                      int32_t sar-height = 1
                                                                                                      int32_t max-width = 320
                                                                                                      int32_t max-height = 240
                                                                                                      int32_t priority = -1
                                                                                                      string mime = "video/raw"
                                                                                                      Rect crop(0, 0, 318, 238)
                                                                                                      Buffer hdr-static-info = {
                                                                                                        00000000:  00 00 00 00 00 00 00 00  00 00 00 00 00 00 00 00  ................
                                                                                                        00000010:  00 00 00 00 00 00 00 00  00                       .........
                                                                                                      }
                                                                                                      int32_t frame-rate = 0
                                                                                                      int32_t height = 1080
                                                                                                      int32_t color-format = 19
                                                                                                    }
2026-07-23 22:15:31.554 23400-25411 CCodecConfig            com.potato.player                    I  query failed after returning 19 values (BAD_INDEX)
2026-07-23 22:15:31.555 23400-25411 CCodecConfig            com.potato.player                    D  c2 config diff is   c2::u32 raw.max-size.height = 1080
                                                                                                      c2::u32 raw.max-size.width = 1920
2026-07-23 22:15:31.555 23400-25411 ColorUtils              com.potato.player                    W  expected specified color aspects (2:0:0:0)
2026-07-23 22:15:31.555 23400-25411 m.potato.player         com.potato.player                    E  Failed to query component interface for required system resources: 6
2026-07-23 22:15:31.555 23400-25410 MediaCodec              com.potato.player                    D  [0xb4000073666866d0] setState: 4
2026-07-23 22:15:31.555 23400-25410 MediaCodec              com.potato.player                    D  [0xb4000073666866d0] setState: 5
2026-07-23 22:15:31.557 23400-25411 Codec2Client            com.potato.player                    W  query -- param skipped: index = 1342179345.
2026-07-23 22:15:31.557 23400-25411 Codec2Client            com.potato.player                    W  query -- param skipped: index = 2415921170.
2026-07-23 22:15:31.557 23400-25411 Codec2Client            com.potato.player                    W  query -- param skipped: index = 1610614798.
2026-07-23 22:15:31.558 23400-25411 CCodecBufferChannel     com.potato.player                    D  [c2.mtk.avc.decoder#215] Created input block pool with allocatorID 16 => poolID 108 - OK (0)
2026-07-23 22:15:31.558 23400-25411 CCodecBufferChannel     com.potato.player                    D  [c2.mtk.avc.decoder#215] Configured output block pool ids 1 => OK
2026-07-23 22:15:31.558 23400-25411 CCodecBufferChannel     com.potato.player                    D  [0xb40000745652d2e0] [c2.mtk.avc.decoder#215] start: output->outputDelay 12, output->numSlots 16
2026-07-23 22:15:31.559 23400-25411 CCodecBufferChannel     com.potato.player                    D  [c2.mtk.avc.decoder#215] Configured output usage [0x1]
2026-07-23 22:15:31.560 23400-25410 MediaCodec              com.potato.player                    D  [0xb4000073666866d0] setState: 6
2026-07-23 22:15:31.560 23400-25410 CCodecBufferChannel     com.potato.player                    D  The csd Sample queue
2026-07-23 22:15:31.560 23400-25410 CCodecBufferChannel     com.potato.player                    D  [c2.mtk.avc.decoder#215] send inputSlots num:4 to codec
2026-07-23 22:15:31.561 23400-25410 CCodecBufferChannel     com.potato.player                    D  The csd Sample queue
2026-07-23 22:15:31.564 23400-23439 mpv                     com.potato.player                    V  [ffmpeg/video:warn] h264_mediacodec: Input packet is missing PTS
2026-07-23 22:15:31.565 23400-25410 MediaCodec              com.potato.player                    D  [0xb4000073666866d0] setState: 7
2026-07-23 22:15:31.572 23400-25411 PipelineWatcher         com.potato.player                    D  onWorkDone: frameIndex not found (0); ignored
2026-07-23 22:15:31.572 23400-25411 PipelineWatcher         com.potato.player                    D  onWorkDone: frameIndex not found (0); ignored
2026-07-23 22:15:31.572 23400-25410 MediaCodec              com.potato.player                    D  [0xb4000073666866d0] setState: 6
2026-07-23 22:15:31.573 23400-25410 CCodecConfig            com.potato.player                    I  query failed after returning 19 values (BAD_INDEX)
2026-07-23 22:15:31.573 23400-25410 CCodecConfig            com.potato.player                    D  c2 config diff is   c2::u32 coded.vui.color.range = 0
                                                                                                      c2::u32 input.delay.value = 4
                                                                                                      c2::u32 output.delay.value = 10
                                                                                                      c2::u32 raw.color.range = 0
                                                                                                      c2::u32 raw.crop.height = 1080
                                                                                                      c2::u32 raw.crop.width = 1920
                                                                                                      c2::u32 raw.pixel-format.value = 2130706448
2026-07-23 22:15:31.574 23400-25410 ColorUtils              com.potato.player                    W  expected specified color aspects (0:0:0:0)
2026-07-23 22:15:31.576 23400-25410 Codec2Client            com.potato.player                    W  query -- param skipped: index = 1342179345.
2026-07-23 22:15:31.576 23400-25410 Codec2Client            com.potato.player                    W  query -- param skipped: index = 2415921170.
2026-07-23 22:15:31.576 23400-25410 Codec2Client            com.potato.player                    W  query -- param skipped: index = 1610614798.
2026-07-23 22:15:31.577 23400-25411 CCodecBufferChannel     com.potato.player                    D  [c2.mtk.avc.decoder#215] Discard frames from previous generation.
2026-07-23 22:15:31.577 23400-25411 Codec2-Out...ufferQueue com.potato.player                    D  set max dequeue count 19 from update
2026-07-23 22:15:31.579 23400-25410 MediaCodec              com.potato.player                    D  [0xb4000073666866d0] setState: 7
2026-07-23 22:15:31.580 23400-23661 CCodecBufferChannel     com.potato.player                    D  [c2.mtk.avc.decoder#215] Ignoring stale input buffer done callback: last flush index = 3, frameIndex = 3
2026-07-23 22:15:31.583 23400-25411 CCodecBufferChannel     com.potato.player                    D  [c2.mtk.avc.decoder#215] no linear codec config data found
2026-07-23 22:15:31.583 23400-25411 CCodecBufferChannel     com.potato.player                    D  [c2.mtk.avc.decoder#215] no linear codec config data found
2026-07-23 22:15:31.584 23400-25410 MediaCodec              com.potato.player                    D  [0xb4000073666866d0] setState: 6
2026-07-23 22:15:31.584 23400-25410 CCodecConfig            com.potato.player                    I  query failed after returning 19 values (BAD_INDEX)
2026-07-23 22:15:31.585 23400-25410 Codec2Client            com.potato.player                    W  query -- param skipped: index = 1342179345.
2026-07-23 22:15:31.585 23400-25410 Codec2Client            com.potato.player                    W  query -- param skipped: index = 2415921170.
2026-07-23 22:15:31.585 23400-25410 Codec2Client            com.potato.player                    W  query -- param skipped: index = 1610614798.
2026-07-23 22:15:31.586 23400-23426 MediaCodec              com.potato.player                    D  [0xb4000073666866d0] [c2.mtk.avc.decoder] stop
2026-07-23 22:15:31.586 23400-25410 MediaCodec              com.potato.player                    D  [0xb4000073666866d0] setState: 9
2026-07-23 22:15:31.586 23400-25410 CCodecBufferChannel     com.potato.player                    D  [c2.mtk.avc.decoder#215] MediaCodec discarded an unknown buffer
2026-07-23 22:15:31.586 23400-25410 CCodecBufferChannel     com.potato.player                    D  [c2.mtk.avc.decoder#215] MediaCodec discarded an unknown buffer
2026-07-23 22:15:31.586 23400-25410 CCodecBufferChannel     com.potato.player                    D  [c2.mtk.avc.decoder#215] MediaCodec discarded an unknown buffer
2026-07-23 22:15:31.586 23400-25410 CCodecBufferChannel     com.potato.player                    D  [c2.mtk.avc.decoder#215] MediaCodec discarded an unknown buffer
2026-07-23 22:15:31.586 23400-25410 CCodecBufferChannel     com.potato.player                    D  [c2.mtk.avc.decoder#215] MediaCodec discarded an unknown buffer
2026-07-23 22:15:31.586 23400-25410 CCodecBufferChannel     com.potato.player                    D  [c2.mtk.avc.decoder#215] MediaCodec discarded an unknown buffer
2026-07-23 22:15:31.586 23400-25410 CCodecBufferChannel     com.potato.player                    D  [c2.mtk.avc.decoder#215] MediaCodec discarded an unknown buffer
2026-07-23 22:15:31.586 23400-25410 CCodecBufferChannel     com.potato.player                    D  [c2.mtk.avc.decoder#215] MediaCodec discarded an unknown buffer
2026-07-23 22:15:31.590 23400-25410 MediaCodec              com.potato.player                    D  [0xb4000073666866d0] [c2.mtk.avc.decoder] kWhatStopCompleted
2026-07-23 22:15:31.591 23400-25410 MediaCodec              com.potato.player                    D  [0xb4000073666866d0] setState: 2
2026-07-23 22:15:31.591 23400-23426 MediaCodec              com.potato.player                    D  [0xb4000073666866d0] [c2.mtk.avc.decoder] releaseAsync
2026-07-23 22:15:31.592 23400-25410 MediaCodec              com.potato.player                    D  [0xb4000073666866d0] setState: 10
2026-07-23 22:15:31.592 23400-23439 mpv                     com.potato.player                    V  event: video-reconfig
2026-07-23 22:15:31.594 23400-23439 MpvEventDispatcher      com.potato.player                    D  MPV event: 17
2026-07-23 22:15:31.595 23400-23439 mpv                     com.potato.player                    V  event: video-reconfig
2026-07-23 22:15:31.595 23400-23439 MpvEventDispatcher      com.potato.player                    D  MPV event: 17
2026-07-23 22:15:31.597 23400-25410 MediaCodec              com.potato.player                    D  [0xb4000073666866d0] [c2.mtk.avc.decoder] kWhatReleaseCompleted
2026-07-23 22:15:31.597 23400-25410 MediaCodec              com.potato.player                    D  [0xb4000073666866d0] setState: 0
2026-07-23 22:15:31.597 23400-25411 hw-BpHwBinder           com.potato.player                    I  onLastStrongRef automatically unlinking death recipients
2026-07-23 22:15:31.598 23400-23439 mpv                     com.potato.player                    V  event: video-reconfig
2026-07-23 22:15:31.599 23400-23439 MpvEventDispatcher      com.potato.player                    D  MPV event: 17
2026-07-23 22:15:31.602 23400-23439 mpv                     com.potato.player                    V  [ffmpeg/video:error] h264_mediacodec: Both surface and native_window are NULL
2026-07-23 22:15:31.603 23400-23426 MediaCodec              com.potato.player                    D  CreateByComponentName: name c2.mtk.avc.decoder
2026-07-23 22:15:31.603 23400-23426 MediaCodec              com.potato.player                    D  processName: com.potato.player
2026-07-23 22:15:31.605 23400-23426 CCodecBufferChannel     com.potato.player                    D  mBufferCountTrace=0 mIsUserLoad=1
2026-07-23 22:15:31.605 23400-23426 MediaCodec              com.potato.player                    D  [0xb40000736655d2e0] init: CCodec 0xb4000073765f7f70, CCodecBufferChannel 0xb40000745653b430
2026-07-23 22:15:31.605 23400-25426 MediaCodec              com.potato.player                    D  [0xb40000736655d2e0] setState: 1
2026-07-23 22:15:31.605 23400-25427 CCodec                  com.potato.player                    D  allocate(c2.mtk.avc.decoder)
2026-07-23 22:15:31.609 23400-25427 CCodec                  com.potato.player                    I  setting up 'default' as default (vendor) store
2026-07-23 22:15:31.616 23400-25427 CCodec                  com.potato.player                    I  Created component [c2.mtk.avc.decoder] for [c2.mtk.avc.decoder]
2026-07-23 22:15:31.617 23400-25427 CCodecBufferChannel     com.potato.player                    D  [0xb40000745653b430] setComponent: mName c2.mtk.avc.decoder#237, mPipelineWatcher 0xb40000745653b920
2026-07-23 22:15:31.617 23400-25427 CCodecBufferChannel     com.potato.player                    D  PipelineWatcher debug info [c2.mtk.avc.decoder#237] enable=0
2026-07-23 22:15:31.617 23400-25427 CCodecConfig            com.potato.player                    D  read media type: video/avc
2026-07-23 22:15:31.618 23400-25427 ReflectedParamUpdater   com.potato.player                    D  extent() != 1 for single value type: algo.buffers.max-count.values
2026-07-23 22:15:31.618 23400-25427 ReflectedParamUpdater   com.potato.player                    D  extent() != 1 for single value type: output.subscribed-indices.values
2026-07-23 22:15:31.618 23400-25427 ReflectedParamUpdater   com.potato.player                    D  extent() != 1 for single value type: input.buffers.allocator-ids.values
2026-07-23 22:15:31.618 23400-25427 ReflectedParamUpdater   com.potato.player                    D  extent() != 1 for single value type: output.buffers.allocator-ids.values
2026-07-23 22:15:31.618 23400-25427 ReflectedParamUpdater   com.potato.player                    D  extent() != 1 for single value type: algo.buffers.allocator-ids.values
2026-07-23 22:15:31.618 23400-25427 ReflectedParamUpdater   com.potato.player                    D  extent() != 1 for single value type: output.buffers.pool-ids.values
2026-07-23 22:15:31.618 23400-25427 ReflectedParamUpdater   com.potato.player                    D  extent() != 1 for single value type: algo.buffers.pool-ids.values
2026-07-23 22:15:31.619 23400-25427 ReflectedParamUpdater   com.potato.player                    D  ignored struct field coded.color-format.locations
2026-07-23 22:15:31.621 23400-25427 CCodecConfig            com.potato.player                    D  ignoring local param raw.size (0xd2001800) as it is already supported
2026-07-23 22:15:31.621 23400-25427 CCodecConfig            com.potato.player                    D  ignoring local param raw.crop (0xd2001801) as it is already supported
2026-07-23 22:15:31.621 23400-25427 CCodecConfig            com.potato.player                    D  ignoring local param default.color (0x5200180b) as it is already supported
2026-07-23 22:15:31.621 23400-25427 CCodecConfig            com.potato.player                    D  ignoring local param raw.hdr-static-info (0xd200180a) as it is already supported
2026-07-23 22:15:31.621 23400-25427 CCodecConfig            com.potato.player                    I  query failed after returning 18 values (BAD_INDEX)
2026-07-23 22:15:31.621 23400-25427 CCodecConfig            com.potato.player                    D  c2 config diff is Dict {
                                                                                                      c2::u32 algo.low-latency.value = 0
                                                                                                      c2::i32 algo.priority.value = 1
                                                                                                      c2::float algo.rate.value = 0
                                                                                                      c2::float coded.frame-rate.value = 0
                                                                                                      c2::u32 coded.pl.level = 20495
                                                                                                      c2::u32 coded.pl.profile = 20481
                                                                                                      c2::u32 coded.vui.color.matrix = 0
                                                                                                      c2::u32 coded.vui.color.primaries = 0
                                                                                                      c2::u32 coded.vui.color.range = 2
                                                                                                      c2::u32 coded.vui.color.transfer = 0
                                                                                                      c2::u32 default.color.matrix = 0
                                                                                                      c2::u32 default.color.primaries = 0
                                                                                                      c2::u32 default.color.range = 0
                                                                                                      c2::u32 default.color.transfer = 0
                                                                                                      c2::u32 input.buffers.max-size.value = 2097152
                                                                                                      c2::u32 input.delay.value = 0
                                                                                                      string input.media-type.value = "video/avc"
                                                                                                      c2::u32 output.delay.value = 12
                                                                                                      string output.media-type.value = "video/raw"
                                                                                                      c2::u32 raw.color.matrix = 0
                                                                                                      c2::u32 raw.color.primaries = 0
                                                                                                      c2::u32 raw.color.range = 2
                                                                                                      c2::u32 raw.color.transfer = 0
                                                                                                      c2::u32 raw.crop.height = 239
